ASxxxx Linker V03.00/V05.40 + sdld,  page 1.
Hexadecimal  [32-Bits]

Area                       Addr        Size        Decimal Bytes (Attributes)
--------------------       ----        ----        ------- ----- ------------
.  .ABS.               00000000    00000000 =           0. bytes (ABS,CON)

        Value  Global            Value  Global            Value  Global    
        -----  ------            -----  ------            -----  ------    
     00000000  .__.ABS.  |    00000000  ___bank_F |    00000000  _rRAMG   
     00000000  l__BASE   |    00000000  l__BSS    |    00000000  l__CABS  
     00000000  l__CODE_0 |    00000000  l__DABS   |    00000000  l__HEADER
     00000000  l__HEAP   |    00000000  l__HEAP_E |    00000000  l__HRAM  
     00000000  l__LIT    |    00000000  s__CABS   |    00000000  s__DABS  
     00000000  s__HEADER |    00000000  s__HEADER |    00000000  s__HEADER
     00000000  s__HEADER |    00000000  s__HEADER |    00000000  s__HEADER
     00000000  s__HEADER |    00000000  s__HEADER |    00000000  s__HEADER
     00000000  s__HEADER |    00000000  s__HEADER |    00000000  s__HEADER
     00000000  s__HEADER |    00000000  s__HEADER |    00000000  s__HEADER
     00000000  s__HEADER |    00000000  s__HEADER |    00000000  s__HEADER
     00000000  s__HEADER |    00000000  s__HRAM   |    00000000  s__HRAM12
     00000001  l__GSFINA |    00000001  l__HEADER |    00000001  l__HEADER
     00000001  l__HEADER |    00000001  l__HEADER |    00000001  l__HEADER
     00000001  l__HEADER |    00000001  l__HEADER |    00000002  l__HEADER
     00000002  l__HEADER |    00000002  l__HEADER |    00000003  l__HEADER
     00000003  l__HRAM12 |    00000005  l__HEADER |    00000006  l__HEADER
     00000007  l__HEADER |    00000008  l__HEADER |    0000000C  l__GSINIT
     0000000C  l__INITIA |    0000000C  l__INITIA |    00000030  l__HEADER
     0000005C  l__HEADER |    000000AF  l__HEADER |    000001B3  l__DATA  
     00000200  s__CODE   |    0000023C  l__HOME   |    00002000  _rROMB0  
     00003000  _rROMB1   |    00003483  l__CODE   |    00003683  s__HOME  
     000038BF  s__BASE   |    000038BF  s__CODE_0 |    000038BF  s__INITIA
     000038BF  s__LIT    |    000038CB  s__GSINIT |    000038D7  s__GSFINA
     00004000  _rRAMB    |    00008000  __VRAM    |    00008000  __VRAM800
     00008800  __VRAM880 |    00009000  __VRAM900 |    00009800  __SCRN0  
     00009C00  __SCRN1   |    0000A000  __SRAM    |    0000C000  __RAM    
     0000C000  _shadow_O |    0000C0A0  s__DATA   |    0000C253  s__BSS   
     0000C253  s__INITIA |    0000C25F  s__HEAP   |    0000C25F  s__HEAP_E
     0000D000  __RAMBANK |    0000E000  .STACK    |    0000FE00  __OAMRAM 
     0000FF00  _P1_REG   |    0000FF00  __IO      |    0000FF01  _SB_REG  
     0000FF02  _SC_REG   |    0000FF04  _DIV_REG  |    0000FF05  _TIMA_REG
     0000FF06  _TMA_REG  |    0000FF07  _TAC_REG  |    0000FF0F  _IF_REG  
     0000FF10  _NR10_REG |    0000FF11  _NR11_REG |    0000FF12  _NR12_REG
     0000FF13  _NR13_REG |    0000FF14  _NR14_REG |    0000FF16  _NR21_REG
     0000FF17  _NR22_REG |    0000FF18  _NR23_REG |    0000FF19  _NR24_REG
     0000FF1A  _NR30_REG |    0000FF1B  _NR31_REG |    0000FF1C  _NR32_REG
     0000FF1D  _NR33_REG |    0000FF1E  _NR34_REG |    0000FF20  _NR41_REG
     0000FF21  _NR42_REG |    0000FF22  _NR43_REG |    0000FF23  _NR44_REG
     0000FF24  _NR50_REG |    0000FF25  _NR51_REG |    0000FF26  _NR52_REG
     0000FF30  _AUD3WAVE |    0000FF30  _PCM_SAMP |    0000FF30  __AUD3WAV
     0000FF40  _LCDC_REG |    0000FF41  _STAT_REG |    0000FF42  _SCY_REG 
     0000FF43  _SCX_REG  |    0000FF44  _LY_REG   |    0000FF45  _LYC_REG 
     0000FF46  _DMA_REG  |    0000FF47  _BGP_REG  |    0000FF48  _OBP0_REG
     0000FF49  _OBP1_REG |    0000FF4A  _WY_REG   |    0000FF4B  _WX_REG  
     0000FF4D  _KEY1_REG |    0000FF4F  _VBK_REG  |    0000FF51  _HDMA1_RE
     0000FF52  _HDMA2_RE |    0000FF53  _HDMA3_RE |    0000FF54  _HDMA4_RE
     0000FF55  _HDMA5_RE |    0000FF56  _RP_REG   |    0000FF68  _BCPS_REG
     0000FF69  _BCPD_REG |    0000FF6A  _OCPS_REG |    0000FF6B  _OCPD_REG
     0000FF70  _SVBK_REG |    0000FF76  _PCM12_RE |    0000FF77  _PCM34_RE
ASxxxx Linker V03.00/V05.40 + sdld,  page 2.
Hexadecimal  [32-Bits]

Area                       Addr        Size        Decimal Bytes (Attributes)
--------------------       ----        ----        ------- ----- ------------
.  .ABS.               00000000    00000000 =           0. bytes (ABS,CON)

        Value  Global            Value  Global            Value  Global    
        -----  ------            -----  ------            -----  ------    
     0000FF80  .refresh_ |    0000FF80  __HRAM    |    0000FFFF  _IE_REG  
ASxxxx Linker V03.00/V05.40 + sdld,  page 3.
Hexadecimal  [32-Bits]

Area                       Addr        Size        Decimal Bytes (Attributes)
--------------------       ----        ----        ------- ----- ------------
_CODE                  00000200    00003483 =       13443. bytes (REL,CON)

        Value  Global            Value  Global            Value  Global    
        -----  ------            -----  ------            -----  ------    
     00000200  A$Charact |    00000200  C$Charact |    00000200  C$Charact
     00000200  G$Charact |    00000200  XG$Charac |    00000200  _Characte
     00000201  A$Charact |    00000201  C$Charact |    00000201  C$Charact
     00000201  G$Charact |    00000201  XG$Charac |    00000201  _Characte
     00000202  A$Charact |    00000202  C$Charact |    00000202  C$Charact
     00000202  G$Charact |    00000202  XG$Charac |    00000202  _Characte
     00000203  A$Charact |    00000203  C$Charact |    00000203  C$Charact
     00000203  G$Charact |    00000203  XG$Charac |    00000203  _Characte
     00000204  A$Font$81 |    00000204  C$Font.c$ |    00000204  C$Font.c$
     00000204  G$__func_ |    00000204  G$dialog_ |    00000204  ___func_F
     00000204  _dialog_p |    00000206  A$Font$82 |    00000208  A$Font$83
     00000209  A$Font$84 |    0000020A  A$Font$85 |    0000020B  A$Font$86
     0000020C  A$Font$87 |    0000020D  A$Font$88 |    0000020E  A$Font$92
     0000020E  C$Font.c$ |    00000211  A$Font$93 |    00000212  A$Font$94
     00000215  A$Font$95 |    00000216  A$Font$96 |    00000219  A$Font$97
     0000021B  A$Font$10 |    0000021B  C$Font.c$ |    0000021C  A$Font$10
     0000021D  A$Font$10 |    0000021E  A$Font$10 |    00000221  A$Font$10
     00000222  A$Font$10 |    00000222  C$Font.c$ |    00000225  A$Font$11
     00000226  A$Font$11 |    00000229  A$Font$11 |    0000022A  A$Font$11
     0000022B  A$Font$11 |    0000022C  A$Font$11 |    0000022D  A$Font$11
     00000230  A$Font$11 |    00000232  A$Font$12 |    00000232  C$Font.c$
     00000234  A$Font$12 |    00000236  A$Font$12 |    00000238  A$Font$12
     00000238  C$Font.c$ |    0000023A  A$Font$13 |    0000023A  C$Font.c$
     0000023C  A$Font$13 |    0000023D  A$Font$13 |    0000023F  A$Font$13
     00000241  A$Font$13 |    00000243  A$Font$13 |    00000244  A$Font$13
     00000246  A$Font$14 |    00000246  C$Font.c$ |    00000247  A$Font$14
     00000249  A$Font$14 |    0000024A  A$Font$14 |    0000024A  C$Font.c$
     0000024D  A$Font$15 |    0000024F  A$Font$15 |    00000251  A$Font$15
     00000253  A$Font$15 |    00000255  A$Font$15 |    00000257  A$Font$16
     00000257  C$Font.c$ |    0000025A  A$Font$16 |    0000025B  A$Font$16
     0000025D  A$Font$16 |    0000025E  A$Font$16 |    0000025F  A$Font$16
     00000261  A$Font$16 |    00000263  A$Font$16 |    00000265  A$Font$16
     00000267  A$Font$16 |    00000268  A$Font$17 |    0000026A  A$Font$17
     0000026C  A$Font$17 |    0000026E  A$Font$17 |    0000026F  A$Font$17
     00000271  A$Font$17 |    00000274  A$Font$17 |    00000276  A$Font$18
     00000277  A$Font$18 |    0000027A  A$Font$18 |    0000027C  A$Font$18
     0000027D  A$Font$18 |    0000027E  A$Font$18 |    00000281  A$Font$18
     00000283  A$Font$19 |    00000284  A$Font$19 |    00000287  A$Font$19
     00000289  A$Font$19 |    0000028A  A$Font$19 |    0000028B  A$Font$20
     0000028B  C$Font.c$ |    0000028D  A$Font$20 |    0000028E  A$Font$20
     0000028F  A$Font$20 |    00000290  A$Font$20 |    00000292  A$Font$20
     00000293  A$Font$20 |    00000295  A$Font$20 |    00000296  A$Font$21
     00000298  A$Font$21 |    00000299  A$Font$21 |    0000029B  A$Font$21
     0000029C  A$Font$21 |    0000029D  A$Font$21 |    0000029E  A$Font$21
     0000029F  A$Font$21 |    000002A0  A$Font$21 |    000002A1  A$Font$21
     000002A2  A$Font$22 |    000002A3  A$Font$22 |    000002A4  A$Font$22
     000002A6  A$Font$22 |    000002A8  A$Font$22 |    000002AA  A$Font$22
     000002AC  A$Font$22 |    000002AD  A$Font$22 |    000002AF  A$Font$22
     000002B1  A$Font$23 |    000002B3  A$Font$23 |    000002B4  A$Font$23
     000002B6  A$Font$23 |    000002B6  C$Font.c$ |    000002B8  A$Font$23
ASxxxx Linker V03.00/V05.40 + sdld,  page 4.
Hexadecimal  [32-Bits]

Area                       Addr        Size        Decimal Bytes (Attributes)
--------------------       ----        ----        ------- ----- ------------
_CODE                  00000200    00003483 =       13443. bytes (REL,CON)

        Value  Global            Value  Global            Value  Global    
        -----  ------            -----  ------            -----  ------    
     000002B9  A$Font$23 |    000002BA  A$Font$24 |    000002BB  A$Font$24
     000002BD  A$Font$24 |    000002BE  A$Font$24 |    000002C0  A$Font$24
     000002C1  A$Font$24 |    000002C2  A$Font$24 |    000002C3  A$Font$25
     000002C3  C$Font.c$ |    000002C4  A$Font$25 |    000002C6  A$Font$25
     000002C7  A$Font$25 |    000002C9  A$Font$25 |    000002CA  A$Font$25
     000002CC  A$Font$25 |    000002CD  A$Font$25 |    000002CE  A$Font$25
     000002CF  A$Font$25 |    000002D2  A$Font$26 |    000002D4  A$Font$26
     000002D4  C$Font.c$ |    000002D6  A$Font$26 |    000002D7  A$Font$26
     000002D7  C$Font.c$ |    000002D8  A$Font$27 |    000002D9  A$Font$27
     000002DB  A$Font$27 |    000002DB  C$Font.c$ |    000002DD  A$Font$27
     000002DE  A$Font$27 |    000002DF  A$Font$28 |    000002DF  C$Font.c$
     000002E0  A$Font$28 |    000002E1  A$Font$28 |    000002E2  A$Font$28
     000002E2  C$Font.c$ |    000002E4  A$Font$29 |    000002E5  A$Font$29
     000002E7  A$Font$29 |    000002E9  A$Font$29 |    000002EA  A$Font$29
     000002EC  A$Font$29 |    000002ED  A$Font$29 |    000002EE  A$Font$29
     000002EF  A$Font$29 |    000002F0  A$Font$29 |    000002F1  A$Font$30
     000002F2  A$Font$30 |    000002F3  A$Font$30 |    000002F5  A$Font$30
     000002F7  A$Font$30 |    000002F9  A$Font$30 |    000002FB  A$Font$30
     000002FC  A$Font$30 |    000002FE  A$Font$30 |    00000300  A$Font$31
     00000302  A$Font$31 |    00000303  A$Font$31 |    00000306  A$Font$31
     00000306  C$Font.c$ |    00000308  A$Font$31 |    00000309  A$Font$31
     0000030B  A$Font$32 |    0000030E  A$Font$32 |    00000311  A$Font$32
     00000312  A$Font$32 |    00000313  A$Font$32 |    00000315  A$Font$32
     00000317  A$Font$32 |    00000319  A$Font$32 |    0000031A  A$Font$32
     0000031B  A$Font$32 |    0000031D  A$Font$33 |    0000031D  C$Font.c$
     0000031F  A$Font$33 |    00000320  A$Font$34 |    00000320  C$Font.c$
     00000322  A$Font$34 |    00000323  A$Font$34 |    00000324  A$Font$34
     00000326  A$Font$34 |    00000328  A$Font$34 |    00000329  A$Font$34
     0000032A  A$Font$34 |    0000032B  A$Font$34 |    0000032D  A$Font$34
     0000032E  A$Font$35 |    00000330  A$Font$35 |    00000331  A$Font$35
     00000332  A$Font$35 |    00000333  A$Font$35 |    00000334  A$Font$35
     00000336  A$Font$35 |    00000338  A$Font$35 |    0000033A  A$Font$35
     0000033B  A$Font$36 |    0000033D  A$Font$36 |    0000033E  A$Font$36
     0000033F  A$Font$36 |    00000340  A$Font$36 |    00000342  A$Font$36
     00000343  A$Font$36 |    00000345  A$Font$36 |    00000346  A$Font$36
     00000347  A$Font$36 |    00000348  A$Font$37 |    00000348  C$Font.c$
     0000034A  A$Font$37 |    0000034B  A$Font$37 |    0000034D  A$Font$37
     0000034F  A$Font$37 |    00000350  A$Font$37 |    00000352  A$Font$37
     00000354  A$Font$38 |    00000356  A$Font$38 |    00000357  A$Font$38
     00000359  A$Font$38 |    0000035A  A$Font$38 |    0000035C  A$Font$38
     0000035D  A$Font$38 |    0000035E  A$Font$38 |    0000035F  A$Font$38
     00000360  A$Font$38 |    00000361  A$Font$39 |    00000362  A$Font$39
     00000363  A$Font$39 |    00000365  A$Font$39 |    00000367  A$Font$39
     00000367  C$Font.c$ |    00000369  A$Font$39 |    0000036A  A$Font$39
     0000036B  A$Font$40 |    0000036D  A$Font$40 |    0000036E  A$Font$40
     0000036F  A$Font$40 |    00000370  A$Font$40 |    00000371  A$Font$40
     00000374  A$Font$40 |    00000376  A$Font$40 |    00000378  A$Font$40
     0000037A  A$Font$40 |    0000037B  A$Font$41 |    0000037C  A$Font$41
     0000037C  C$Font.c$ |    0000037E  A$Font$41 |    0000037F  A$Font$41
     00000380  A$Font$41 |    00000382  A$Font$41 |    00000383  A$Font$42
     00000385  A$Font$42 |    00000387  A$Font$42 |    00000389  A$Font$42
ASxxxx Linker V03.00/V05.40 + sdld,  page 5.
Hexadecimal  [32-Bits]

Area                       Addr        Size        Decimal Bytes (Attributes)
--------------------       ----        ----        ------- ----- ------------
_CODE                  00000200    00003483 =       13443. bytes (REL,CON)

        Value  Global            Value  Global            Value  Global    
        -----  ------            -----  ------            -----  ------    
     0000038A  A$Font$42 |    0000038A  C$Font.c$ |    0000038C  A$Font$42
     0000038D  A$Font$43 |    0000038E  A$Font$43 |    0000038F  A$Font$43
     00000391  A$Font$43 |    00000392  A$Font$43 |    00000394  A$Font$43
     00000395  A$Font$43 |    00000396  A$Font$43 |    00000397  A$Font$44
     00000397  C$Font.c$ |    00000399  A$Font$44 |    0000039B  A$Font$44
     0000039C  A$Font$44 |    0000039E  A$Font$44 |    0000039E  C$Font.c$
     000003A1  A$Font$44 |    000003A2  A$Font$45 |    000003A4  A$Font$45
     000003A5  A$Font$45 |    000003A6  A$Font$45 |    000003A9  A$Font$45
     000003AB  A$Font$45 |    000003AB  C$Font.c$ |    000003AE  A$Font$46
     000003AE  C$Font.c$ |    000003B0  A$Font$46 |    000003B3  A$Font$46
     000003B3  C$Font.c$ |    000003B4  A$Font$46 |    000003B5  A$Font$46
     000003B7  A$Font$47 |    000003B8  A$Font$47 |    000003BB  A$Font$47
     000003BC  A$Font$47 |    000003BE  A$Font$47 |    000003BF  A$Font$47
     000003C0  A$Font$47 |    000003C3  A$Font$47 |    000003C5  A$Font$48
     000003C5  C$Font.c$ |    000003C7  A$Font$48 |    000003C9  A$Font$48
     000003CA  A$Font$48 |    000003CC  A$Font$48 |    000003CC  C$Font.c$
     000003CF  A$Font$48 |    000003D0  A$Font$49 |    000003D2  A$Font$49
     000003D3  A$Font$49 |    000003D4  A$Font$49 |    000003D7  A$Font$49
     000003D9  A$Font$49 |    000003D9  C$Font.c$ |    000003DA  A$Font$50
     000003DC  A$Font$50 |    000003DE  A$Font$50 |    000003E0  A$Font$50
     000003E1  A$Font$50 |    000003E2  A$Font$50 |    000003E4  A$Font$50
     000003E5  A$Font$50 |    000003E6  A$Font$50 |    000003E7  A$Font$50
     000003E8  A$Font$51 |    000003EB  A$Font$51 |    000003ED  A$Font$51
     000003ED  C$Font.c$ |    000003EF  A$Font$51 |    000003F0  A$Font$51
     000003F2  A$Font$52 |    000003F4  A$Font$52 |    000003F4  C$Font.c$
     000003F5  A$Font$52 |    000003F6  A$Font$52 |    000003F8  A$Font$52
     000003F9  A$Font$52 |    000003FA  A$Font$53 |    000003FC  A$Font$53
     000003FE  A$Font$53 |    000003FF  A$Font$53 |    00000400  A$Font$53
     00000401  A$Font$53 |    00000402  A$Font$54 |    00000404  A$Font$54
     00000406  A$Font$54 |    00000407  A$Font$54 |    00000408  A$Font$54
     00000409  A$Font$54 |    0000040B  A$Font$54 |    0000040C  A$Font$54
     0000040D  A$Font$54 |    0000040E  A$Font$54 |    0000040F  A$Font$55
     00000412  A$Font$55 |    00000414  A$Font$55 |    00000415  A$Font$55
     00000415  C$Font.c$ |    00000416  A$Font$55 |    00000418  A$Font$56
     00000418  C$Font.c$ |    0000041A  A$Font$56 |    0000041B  A$Font$56
     0000041E  A$Font$56 |    0000041F  A$Font$56 |    00000421  A$Font$56
     00000424  A$Font$57 |    00000425  A$Font$57 |    00000427  A$Font$57
     00000427  C$Font.c$ |    00000429  A$Font$57 |    0000042A  A$Font$57
     0000042D  A$Font$58 |    0000042D  C$Font.c$ |    00000430  A$Font$58
     00000431  A$Font$58 |    00000433  A$Font$58 |    00000434  A$Font$58
     00000435  A$Font$58 |    00000438  A$Font$58 |    0000043A  A$Font$59
     0000043A  C$Font.c$ |    0000043D  A$Font$59 |    0000043D  C$Font.c$
     0000043F  A$Font$59 |    00000442  A$Font$60 |    00000442  C$Font.c$
     00000445  A$Font$60 |    00000446  A$Font$60 |    00000448  A$Font$60
     00000449  A$Font$60 |    0000044A  A$Font$60 |    0000044C  A$Font$60
     0000044E  A$Font$60 |    00000450  A$Font$61 |    00000452  A$Font$61
     00000453  A$Font$61 |    00000455  A$Font$61 |    00000457  A$Font$61
     00000459  A$Font$61 |    0000045A  A$Font$61 |    0000045C  A$Font$62
     0000045F  A$Font$62 |    00000461  A$Font$62 |    00000462  A$Font$62
     00000465  A$Font$62 |    00000467  A$Font$62 |    00000468  A$Font$62
     0000046B  A$Font$62 |    0000046C  A$Font$63 |    0000046D  A$Font$63
ASxxxx Linker V03.00/V05.40 + sdld,  page 6.
Hexadecimal  [32-Bits]

Area                       Addr        Size        Decimal Bytes (Attributes)
--------------------       ----        ----        ------- ----- ------------
_CODE                  00000200    00003483 =       13443. bytes (REL,CON)

        Value  Global            Value  Global            Value  Global    
        -----  ------            -----  ------            -----  ------    
     0000046E  A$Font$63 |    00000471  A$Font$63 |    00000473  A$Font$63
     00000474  A$Font$63 |    00000477  A$Font$63 |    00000479  A$Font$63
     0000047A  A$Font$64 |    0000047D  A$Font$64 |    0000047E  A$Font$64
     0000047F  A$Font$64 |    00000480  A$Font$65 |    00000480  C$Font.c$
     00000480  C$Font.c$ |    00000482  A$Font$65 |    00000482  C$Font.c$
     00000483  A$Font$65 |    00000485  A$Font$65 |    00000487  A$Font$66
     00000489  A$Font$66 |    0000048B  A$Font$66 |    0000048C  A$Font$66
     0000048E  A$Font$66 |    0000048E  C$Font.c$ |    0000048F  A$Font$66
     00000490  A$Font$67 |    00000491  A$Font$67 |    00000491  C$Font.c$
     00000494  A$Font$67 |    00000496  A$Font$67 |    00000498  A$Font$67
     0000049A  A$Font$68 |    0000049C  A$Font$68 |    0000049E  A$Font$68
     0000049E  C$Font.c$ |    000004A0  A$Font$68 |    000004A2  A$Font$68
     000004A4  A$Font$69 |    000004A4  C$Font.c$ |    000004A6  A$Font$69
     000004A7  A$Font$69 |    000004A9  A$Font$69 |    000004AA  G$Font_sy
     000004AA  _Font_sym |    000004C3  A$Font$73 |    000004C3  C$Font.c$
     000004C3  G$dialog_ |    000004C3  _dialog_p |    000004C5  A$Font$73
     000004C7  A$Font$73 |    000004C8  A$Font$73 |    000004C9  A$Font$73
     000004CA  A$Font$73 |    000004CB  A$Font$73 |    000004CC  A$Font$73
     000004CD  A$Font$74 |    000004CD  C$Font.c$ |    000004D0  A$Font$74
     000004D1  A$Font$74 |    000004D4  A$Font$74 |    000004D5  A$Font$74
     000004D8  A$Font$74 |    000004DA  A$Font$75 |    000004DA  C$Font.c$
     000004DB  A$Font$75 |    000004DC  A$Font$75 |    000004DD  A$Font$75
     000004E0  A$Font$75 |    000004E1  A$Font$75 |    000004E1  C$Font.c$
     000004E4  A$Font$76 |    000004E5  A$Font$76 |    000004E8  A$Font$76
     000004E9  A$Font$76 |    000004EA  A$Font$76 |    000004EB  A$Font$76
     000004EC  A$Font$76 |    000004EF  A$Font$76 |    000004F1  A$Font$77
     000004F1  C$Font.c$ |    000004F3  A$Font$77 |    000004F5  A$Font$77
     000004F7  A$Font$77 |    000004F7  C$Font.c$ |    000004F9  A$Font$78
     000004F9  C$Font.c$ |    000004FB  A$Font$78 |    000004FC  A$Font$78
     000004FE  A$Font$78 |    00000500  A$Font$78 |    00000502  A$Font$78
     00000503  A$Font$78 |    00000505  A$Font$79 |    00000505  C$Font.c$
     00000506  A$Font$79 |    00000508  A$Font$79 |    00000509  A$Font$79
     00000509  C$Font.c$ |    0000050C  A$Font$80 |    0000050E  A$Font$80
     00000510  A$Font$80 |    00000512  A$Font$80 |    00000514  A$Font$80
     00000516  A$Font$81 |    00000516  C$Font.c$ |    00000519  A$Font$81
     0000051A  A$Font$81 |    0000051C  A$Font$81 |    0000051D  A$Font$81
     0000051E  A$Font$81 |    00000520  A$Font$81 |    00000522  A$Font$81
     00000524  A$Font$81 |    00000526  A$Font$81 |    00000527  A$Font$82
     00000529  A$Font$82 |    0000052B  A$Font$82 |    0000052D  A$Font$82
     0000052E  A$Font$82 |    00000530  A$Font$82 |    00000533  A$Font$82
     00000535  A$Font$83 |    00000536  A$Font$83 |    00000539  A$Font$83
     0000053B  A$Font$83 |    0000053C  A$Font$83 |    0000053D  A$Font$83
     00000540  A$Font$83 |    00000542  A$Font$84 |    00000543  A$Font$84
     00000546  A$Font$84 |    00000548  A$Font$84 |    00000549  A$Font$84
     0000054A  A$Font$85 |    0000054A  C$Font.c$ |    0000054A  C$Font.c$
     0000054C  A$Font$85 |    0000054D  A$Font$85 |    0000054E  A$Font$86
     0000054E  C$Font.c$ |    0000054F  A$Font$86 |    00000550  A$Font$86
     00000551  A$Font$86 |    00000551  C$Font.c$ |    00000553  A$Font$86
     00000554  A$Font$86 |    00000556  A$Font$87 |    00000558  A$Font$87
     00000559  A$Font$87 |    0000055B  A$Font$87 |    0000055C  A$Font$87
     0000055D  A$Font$87 |    0000055E  A$Font$87 |    0000055F  A$Font$87
ASxxxx Linker V03.00/V05.40 + sdld,  page 7.
Hexadecimal  [32-Bits]

Area                       Addr        Size        Decimal Bytes (Attributes)
--------------------       ----        ----        ------- ----- ------------
_CODE                  00000200    00003483 =       13443. bytes (REL,CON)

        Value  Global            Value  Global            Value  Global    
        -----  ------            -----  ------            -----  ------    
     00000560  A$Font$87 |    00000561  A$Font$87 |    00000562  A$Font$88
     00000564  A$Font$88 |    00000566  A$Font$88 |    00000568  A$Font$88
     0000056A  A$Font$88 |    0000056B  A$Font$88 |    0000056D  A$Font$88
     0000056F  A$Font$88 |    00000571  A$Font$88 |    00000572  A$Font$89
     00000575  A$Font$89 |    00000575  C$Font.c$ |    00000577  A$Font$89
     00000578  A$Font$89 |    0000057A  A$Font$89 |    0000057B  A$Font$89
     0000057E  A$Font$90 |    0000057F  A$Font$90 |    00000580  A$Font$90
     00000581  A$Font$90 |    00000584  A$Font$90 |    00000585  A$Font$90
     00000586  A$Font$90 |    00000587  A$Font$90 |    00000589  A$Font$90
     0000058B  A$Font$90 |    0000058D  A$Font$91 |    0000058E  A$Font$91
     0000058F  A$Font$91 |    00000591  A$Font$91 |    00000591  C$Font.c$
     00000593  A$Font$91 |    00000594  A$Font$92 |    00000594  C$Font.c$
     00000596  A$Font$92 |    00000597  A$Font$92 |    00000598  A$Font$92
     0000059A  A$Font$92 |    0000059C  A$Font$92 |    0000059D  A$Font$92
     0000059E  A$Font$93 |    0000059F  A$Font$93 |    000005A1  A$Font$93
     000005A2  A$Font$93 |    000005A4  A$Font$93 |    000005A5  A$Font$93
     000005A6  A$Font$93 |    000005A7  A$Font$93 |    000005A8  A$Font$93
     000005AA  A$Font$93 |    000005AC  A$Font$94 |    000005AE  A$Font$94
     000005AF  A$Font$94 |    000005B1  A$Font$94 |    000005B2  A$Font$94
     000005B3  A$Font$94 |    000005B4  A$Font$94 |    000005B6  A$Font$94
     000005B7  A$Font$94 |    000005B9  A$Font$95 |    000005BA  A$Font$95
     000005BB  A$Font$95 |    000005BC  A$Font$95 |    000005BC  C$Font.c$
     000005BE  A$Font$95 |    000005BF  A$Font$95 |    000005C1  A$Font$95
     000005C3  A$Font$96 |    000005C4  A$Font$96 |    000005C6  A$Font$96
     000005C8  A$Font$96 |    000005CA  A$Font$96 |    000005CB  A$Font$96
     000005CD  A$Font$96 |    000005CE  A$Font$96 |    000005D0  A$Font$96
     000005D1  A$Font$96 |    000005D2  A$Font$97 |    000005D3  A$Font$97
     000005D4  A$Font$97 |    000005D5  A$Font$97 |    000005D6  A$Font$97
     000005D7  A$Font$97 |    000005D9  A$Font$97 |    000005DB  A$Font$98
     000005DB  C$Font.c$ |    000005DD  A$Font$98 |    000005DE  A$Font$98
     000005DF  A$Font$98 |    000005E1  A$Font$98 |    000005E2  A$Font$98
     000005E3  A$Font$98 |    000005E4  A$Font$98 |    000005E5  A$Font$98
     000005E8  A$Font$98 |    000005EA  A$Font$99 |    000005EC  A$Font$99
     000005EE  A$Font$99 |    000005EF  A$Font$99 |    000005F0  A$Font$99
     000005F0  C$Font.c$ |    000005F2  A$Font$99 |    000005F3  A$Font$10
     000005F4  A$Font$10 |    000005F6  A$Font$10 |    000005F7  A$Font$10
     000005F9  A$Font$10 |    000005FB  A$Font$10 |    000005FD  A$Font$10
     000005FE  A$Font$10 |    000005FE  C$Font.c$ |    00000600  A$Font$10
     00000601  A$Font$10 |    00000602  A$Font$10 |    00000603  A$Font$10
     00000605  A$Font$10 |    00000606  A$Font$10 |    00000608  A$Font$10
     00000609  A$Font$10 |    0000060A  A$Font$10 |    0000060B  A$Font$10
     0000060B  C$Font.c$ |    0000060D  A$Font$10 |    0000060F  A$Font$10
     00000610  A$Font$10 |    00000612  A$Font$10 |    00000612  C$Font.c$
     00000615  A$Font$10 |    00000616  A$Font$10 |    00000618  A$Font$10
     00000619  A$Font$10 |    0000061A  A$Font$10 |    0000061D  A$Font$10
     0000061F  A$Font$10 |    0000061F  C$Font.c$ |    00000622  A$Font$10
     00000622  C$Font.c$ |    00000624  A$Font$10 |    00000627  A$Font$10
     00000627  C$Font.c$ |    00000628  A$Font$10 |    00000629  A$Font$10
     0000062B  A$Font$10 |    0000062C  A$Font$10 |    0000062F  A$Font$10
     00000630  A$Font$10 |    00000632  A$Font$10 |    00000633  A$Font$10
     00000634  A$Font$10 |    00000637  A$Font$10 |    00000639  A$Font$10
ASxxxx Linker V03.00/V05.40 + sdld,  page 8.
Hexadecimal  [32-Bits]

Area                       Addr        Size        Decimal Bytes (Attributes)
--------------------       ----        ----        ------- ----- ------------
_CODE                  00000200    00003483 =       13443. bytes (REL,CON)

        Value  Global            Value  Global            Value  Global    
        -----  ------            -----  ------            -----  ------    
     00000639  C$Font.c$ |    0000063B  A$Font$10 |    0000063D  A$Font$10
     0000063E  A$Font$10 |    00000640  A$Font$10 |    00000640  C$Font.c$
     00000643  A$Font$10 |    00000644  A$Font$10 |    00000646  A$Font$10
     00000647  A$Font$10 |    00000648  A$Font$10 |    0000064B  A$Font$10
     0000064D  A$Font$10 |    0000064D  C$Font.c$ |    0000064E  A$Font$10
     00000650  A$Font$10 |    00000652  A$Font$10 |    00000654  A$Font$10
     00000655  A$Font$10 |    00000656  A$Font$10 |    00000658  A$Font$10
     00000659  A$Font$10 |    0000065A  A$Font$10 |    0000065B  A$Font$10
     0000065C  A$Font$10 |    0000065F  A$Font$10 |    00000661  A$Font$10
     00000661  C$Font.c$ |    00000663  A$Font$11 |    00000664  A$Font$11
     00000666  A$Font$11 |    00000668  A$Font$11 |    00000668  C$Font.c$
     00000669  A$Font$11 |    0000066A  A$Font$11 |    0000066C  A$Font$11
     0000066D  A$Font$11 |    0000066E  A$Font$11 |    00000670  A$Font$11
     00000672  A$Font$11 |    00000673  A$Font$11 |    00000674  A$Font$11
     00000675  A$Font$11 |    00000676  A$Font$11 |    00000678  A$Font$11
     0000067A  A$Font$11 |    0000067B  A$Font$11 |    0000067C  A$Font$11
     0000067D  A$Font$11 |    0000067F  A$Font$11 |    00000680  A$Font$11
     00000681  A$Font$11 |    00000682  A$Font$11 |    00000683  A$Font$11
     00000686  A$Font$11 |    00000688  A$Font$11 |    00000689  A$Font$11
     00000689  C$Font.c$ |    0000068A  A$Font$11 |    0000068C  A$Font$11
     0000068C  C$Font.c$ |    0000068E  A$Font$11 |    0000068F  A$Font$11
     00000692  A$Font$11 |    00000693  A$Font$11 |    00000695  A$Font$11
     00000698  A$Font$11 |    00000699  A$Font$11 |    0000069B  A$Font$11
     0000069B  C$Font.c$ |    0000069D  A$Font$11 |    0000069E  A$Font$11
     000006A1  A$Font$11 |    000006A1  C$Font.c$ |    000006A4  A$Font$11
     000006A5  A$Font$11 |    000006A7  A$Font$11 |    000006A8  A$Font$11
     000006A9  A$Font$11 |    000006AC  A$Font$11 |    000006AE  A$Font$11
     000006AE  C$Font.c$ |    000006B1  A$Font$11 |    000006B1  C$Font.c$
     000006B3  A$Font$11 |    000006B6  A$Font$11 |    000006B6  C$Font.c$
     000006B9  A$Font$11 |    000006BA  A$Font$11 |    000006BC  A$Font$11
     000006BD  A$Font$11 |    000006BE  A$Font$11 |    000006C0  A$Font$11
     000006C2  A$Font$11 |    000006C4  A$Font$11 |    000006C6  A$Font$11
     000006C7  A$Font$11 |    000006C9  A$Font$11 |    000006CB  A$Font$11
     000006CD  A$Font$11 |    000006CE  A$Font$12 |    000006D0  A$Font$12
     000006D3  A$Font$12 |    000006D5  A$Font$12 |    000006D6  A$Font$12
     000006D9  A$Font$12 |    000006DB  A$Font$12 |    000006DC  A$Font$12
     000006DF  A$Font$12 |    000006E0  A$Font$12 |    000006E1  A$Font$12
     000006E2  A$Font$12 |    000006E5  A$Font$12 |    000006E7  A$Font$12
     000006E8  A$Font$12 |    000006EB  A$Font$12 |    000006ED  A$Font$12
     000006EE  A$Font$12 |    000006F1  A$Font$12 |    000006F2  A$Font$12
     000006F3  A$Font$12 |    000006F4  A$Font$12 |    000006F4  C$Font.c$
     000006F4  C$Font.c$ |    000006F6  A$Font$12 |    000006F6  C$Font.c$
     000006F7  A$Font$12 |    000006F9  A$Font$12 |    000006FB  A$Font$12
     000006FD  A$Font$12 |    000006FF  A$Font$12 |    00000700  A$Font$12
     00000702  A$Font$12 |    00000702  C$Font.c$ |    00000703  A$Font$12
     00000704  A$Font$12 |    00000705  A$Font$12 |    00000705  C$Font.c$
     00000708  A$Font$12 |    0000070A  A$Font$12 |    0000070C  A$Font$12
     0000070E  A$Font$12 |    00000710  A$Font$12 |    00000712  A$Font$12
     00000712  C$Font.c$ |    00000714  A$Font$12 |    00000716  A$Font$12
     00000718  A$Font$12 |    0000071A  A$Font$12 |    0000071A  C$Font.c$
     0000071A  XG$dialog |    0000071B  A$MainCha |    0000071B  C$MainCha
ASxxxx Linker V03.00/V05.40 + sdld,  page 9.
Hexadecimal  [32-Bits]

Area                       Addr        Size        Decimal Bytes (Attributes)
--------------------       ----        ----        ------- ----- ------------
_CODE                  00000200    00003483 =       13443. bytes (REL,CON)

        Value  Global            Value  Global            Value  Global    
        -----  ------            -----  ------            -----  ------    
     0000071B  G$Initali |    0000071B  _Initaliz |    0000071C  A$MainCha
     0000071C  C$MainCha |    0000071E  A$MainCha |    0000071F  A$MainCha
     00000720  A$MainCha |    00000721  A$MainCha |    00000722  A$MainCha
     00000723  A$MainCha |    00000724  A$MainCha |    00000725  A$MainCha
     00000726  A$MainCha |    00000727  A$MainCha |    0000072A  A$MainCha
     0000072B  A$MainCha |    0000072C  A$MainCha |    0000072D  A$MainCha
     00000730  A$MainCha |    00000731  A$MainCha |    00000733  A$MainCha
     00000733  C$MainCha |    00000736  A$MainCha |    00000737  A$MainCha
     00000739  A$MainCha |    00000739  C$MainCha |    0000073C  A$MainCha
     0000073D  A$MainCha |    0000073F  A$MainCha |    0000073F  C$MainCha
     00000742  A$MainCha |    00000743  A$MainCha |    00000745  A$MainCha
     00000745  C$MainCha |    00000748  A$MainCha |    00000749  A$MainCha
     0000074B  A$MainCha |    0000074B  C$MainCha |    0000074E  A$MainCha
     0000074F  A$MainCha |    00000751  A$MainCha |    00000751  C$MainCha
     00000754  A$MainCha |    00000755  A$MainCha |    00000757  A$MainCha
     00000757  C$MainCha |    0000075A  A$MainCha |    0000075B  A$MainCha
     0000075D  A$MainCha |    0000075D  C$MainCha |    00000760  A$MainCha
     00000761  A$MainCha |    00000763  A$MainCha |    00000763  C$MainCha
     00000766  A$MainCha |    00000767  A$MainCha |    00000769  A$MainCha
     00000769  C$MainCha |    0000076C  A$MainCha |    0000076D  A$MainCha
     0000076F  A$MainCha |    0000076F  C$MainCha |    00000772  A$MainCha
     00000773  A$MainCha |    00000775  A$MainCha |    00000775  C$MainCha
     00000778  A$MainCha |    00000779  A$MainCha |    0000077B  A$MainCha
     0000077B  C$MainCha |    0000077E  A$MainCha |    0000077F  A$MainCha
     00000781  A$MainCha |    00000781  C$MainCha |    00000784  A$MainCha
     00000785  A$MainCha |    00000787  A$MainCha |    00000787  C$MainCha
     0000078A  A$MainCha |    0000078B  A$MainCha |    0000078D  A$MainCha
     0000078D  C$MainCha |    00000790  A$MainCha |    00000791  A$MainCha
     00000793  A$MainCha |    00000793  C$MainCha |    00000796  A$MainCha
     00000797  A$MainCha |    00000799  A$MainCha |    00000799  C$MainCha
     0000079C  A$MainCha |    0000079D  A$MainCha |    0000079F  A$MainCha
     0000079F  C$MainCha |    000007A2  A$MainCha |    000007A3  A$MainCha
     000007A5  A$MainCha |    000007A5  C$MainCha |    000007A5  XG$Inital
     000007A6  A$MainCha |    000007A6  C$MainCha |    000007A6  G$SetPlay
     000007A6  _SetPlaye |    000007A7  A$MainCha |    000007A9  A$MainCha
     000007AA  A$MainCha |    000007AB  A$MainCha |    000007AC  A$MainCha
     000007AC  C$MainCha |    000007AD  A$MainCha |    000007AF  A$MainCha
     000007B0  A$MainCha |    000007B1  A$MainCha |    000007B2  A$MainCha
     000007B3  A$MainCha |    000007B4  A$MainCha |    000007B5  A$MainCha
     000007B6  A$MainCha |    000007B7  A$MainCha |    000007B8  A$MainCha
     000007BB  A$MainCha |    000007BC  A$MainCha |    000007BD  A$MainCha
     000007BE  A$MainCha |    000007BF  A$MainCha |    000007C0  A$MainCha
     000007C0  C$MainCha |    000007C0  XG$SetPla |    000007C1  A$MainCha
     000007C1  C$MainCha |    000007C1  G$SetPlay |    000007C1  _SetPlaye
     000007C2  A$MainCha |    000007C3  A$MainCha |    000007C3  C$MainCha
     000007C4  A$MainCha |    000007C6  A$MainCha |    000007C7  A$MainCha
     000007C8  A$MainCha |    000007C9  A$MainCha |    000007CA  A$MainCha
     000007CB  A$MainCha |    000007CC  A$MainCha |    000007CD  A$MainCha
     000007CE  A$MainCha |    000007CF  A$MainCha |    000007D2  A$MainCha
     000007D3  A$MainCha |    000007D4  A$MainCha |    000007D5  A$MainCha
     000007D6  A$MainCha |    000007D6  C$MainCha |    000007D8  A$MainCha
ASxxxx Linker V03.00/V05.40 + sdld,  page 10.
Hexadecimal  [32-Bits]

Area                       Addr        Size        Decimal Bytes (Attributes)
--------------------       ----        ----        ------- ----- ------------
_CODE                  00000200    00003483 =       13443. bytes (REL,CON)

        Value  Global            Value  Global            Value  Global    
        -----  ------            -----  ------            -----  ------    
     000007D9  A$MainCha |    000007DA  A$MainCha |    000007DB  A$MainCha
     000007DD  A$MainCha |    000007E0  A$MainCha |    000007E1  A$MainCha
     000007E2  A$MainCha |    000007E3  A$MainCha |    000007E4  A$MainCha
     000007E7  A$MainCha |    000007EA  A$MainCha |    000007ED  A$MainCha
     000007F0  A$MainCha |    000007F3  A$MainCha |    000007F6  A$MainCha
     000007F9  A$MainCha |    000007FC  A$MainCha |    000007FF  A$MainCha
     00000802  A$MainCha |    00000805  A$MainCha |    00000808  A$MainCha
     0000080B  A$MainCha |    0000080E  A$MainCha |    00000811  A$MainCha
     00000814  A$MainCha |    00000817  A$MainCha |    0000081A  A$MainCha
     0000081D  A$MainCha |    00000820  A$MainCha |    00000823  A$MainCha
     00000823  C$MainCha |    00000823  C$MainCha |    00000825  A$MainCha
     00000825  C$MainCha |    00000826  A$MainCha |    00000829  A$MainCha
     00000829  C$MainCha |    00000829  C$MainCha |    0000082B  A$MainCha
     0000082B  C$MainCha |    0000082C  A$MainCha |    0000082F  A$MainCha
     0000082F  C$MainCha |    0000082F  C$MainCha |    00000831  A$MainCha
     00000831  C$MainCha |    00000832  A$MainCha |    00000835  A$MainCha
     00000835  C$MainCha |    00000835  C$MainCha |    00000837  A$MainCha
     00000837  C$MainCha |    00000838  A$MainCha |    0000083B  A$MainCha
     0000083B  C$MainCha |    0000083B  C$MainCha |    0000083D  A$MainCha
     0000083D  C$MainCha |    0000083E  A$MainCha |    00000841  A$MainCha
     00000841  C$MainCha |    00000841  C$MainCha |    00000843  A$MainCha
     00000843  C$MainCha |    00000844  A$MainCha |    00000847  A$MainCha
     00000847  C$MainCha |    00000847  C$MainCha |    00000849  A$MainCha
     00000849  C$MainCha |    0000084A  A$MainCha |    0000084D  A$MainCha
     0000084D  C$MainCha |    0000084D  C$MainCha |    0000084F  A$MainCha
     0000084F  C$MainCha |    00000850  A$MainCha |    00000853  A$MainCha
     00000853  C$MainCha |    00000853  C$MainCha |    00000855  A$MainCha
     00000855  C$MainCha |    00000856  A$MainCha |    00000859  A$MainCha
     00000859  C$MainCha |    00000859  C$MainCha |    0000085B  A$MainCha
     0000085B  C$MainCha |    0000085C  A$MainCha |    0000085F  A$MainCha
     0000085F  C$MainCha |    0000085F  C$MainCha |    00000861  A$MainCha
     00000861  C$MainCha |    00000862  A$MainCha |    00000865  A$MainCha
     00000865  C$MainCha |    00000865  C$MainCha |    00000867  A$MainCha
     00000867  C$MainCha |    00000868  A$MainCha |    0000086B  A$MainCha
     0000086B  C$MainCha |    0000086B  C$MainCha |    0000086D  A$MainCha
     0000086D  C$MainCha |    0000086E  A$MainCha |    00000871  A$MainCha
     00000871  C$MainCha |    00000871  C$MainCha |    00000873  A$MainCha
     00000873  C$MainCha |    00000874  A$MainCha |    00000877  A$MainCha
     00000877  C$MainCha |    00000877  C$MainCha |    00000879  A$MainCha
     00000879  C$MainCha |    0000087A  A$MainCha |    0000087D  A$MainCha
     0000087D  C$MainCha |    0000087D  C$MainCha |    0000087F  A$MainCha
     0000087F  C$MainCha |    00000880  A$MainCha |    00000883  A$MainCha
     00000883  C$MainCha |    00000883  C$MainCha |    00000885  A$MainCha
     00000886  A$MainCha |    00000889  A$MainCha |    00000889  C$MainCha
     00000889  C$MainCha |    00000889  XG$SetPla |    0000088A  A$MainCha
     0000088A  C$MainCha |    0000088A  C$MainCha |    0000088A  C$MainCha
     0000088A  G$InitPla |    0000088A  XG$InitPl |    0000088A  _InitPlay
     0000088B  A$MainCha |    0000088B  C$MainCha |    0000088B  C$MainCha
     0000088B  C$MainCha |    0000088B  G$GetPlay |    0000088B  XG$GetPla
     0000088B  _GetPlaye |    0000088C  FMainChar |    00000891  A$MainCha
     00000891  C$MainCha |    00000891  C$MainCha |    00000891  C$MainCha
ASxxxx Linker V03.00/V05.40 + sdld,  page 11.
Hexadecimal  [32-Bits]

Area                       Addr        Size        Decimal Bytes (Attributes)
--------------------       ----        ----        ------- ----- ------------
_CODE                  00000200    00003483 =       13443. bytes (REL,CON)

        Value  Global            Value  Global            Value  Global    
        -----  ------            -----  ------            -----  ------    
     00000891  G$UseDefa |    00000891  XG$UseDef |    00000891  _UseDefau
     00000892  A$MainCha |    00000892  C$MainCha |    00000892  G$UseDice
     00000892  _UseDiceR |    00000893  A$MainCha |    00000895  A$MainCha
     00000896  A$MainCha |    00000898  A$MainCha |    00000899  A$MainCha
     00000899  C$MainCha |    0000089A  A$MainCha |    0000089B  A$MainCha
     0000089C  A$MainCha |    0000089D  A$MainCha |    0000089E  A$MainCha
     0000089F  A$MainCha |    000008A2  A$MainCha |    000008A3  A$MainCha
     000008A3  C$MainCha |    000008A4  A$MainCha |    000008A4  C$MainCha
     000008A4  XG$UseDic |    000008A6  A$MainCha |    000008A6  C$MainCha
     000008A6  G$SetPlay |    000008A6  _SetPlaye |    000008A7  A$MainCha
     000008A8  A$MainCha |    000008AA  A$MainCha |    000008AB  A$MainCha
     000008AD  A$MainCha |    000008AE  A$MainCha |    000008B0  A$MainCha
     000008B0  C$MainCha |    000008B2  A$MainCha |    000008B3  A$MainCha
     000008B4  A$MainCha |    000008B5  A$MainCha |    000008B6  A$MainCha
     000008B7  A$MainCha |    000008B8  A$MainCha |    000008B9  A$MainCha
     000008BA  A$MainCha |    000008BB  A$MainCha |    000008BC  A$MainCha
     000008BD  A$MainCha |    000008BD  C$MainCha |    000008BF  A$MainCha
     000008C0  A$MainCha |    000008C2  A$MainCha |    000008C5  A$MainCha
     000008C6  A$MainCha |    000008C7  A$MainCha |    000008C7  C$MainCha
     000008C8  A$MainCha |    000008CA  A$MainCha |    000008CC  A$MainCha
     000008CE  A$MainCha |    000008D0  A$MainCha |    000008D2  A$MainCha
     000008D4  A$MainCha |    000008D6  A$MainCha |    000008D6  C$MainCha
     000008D9  A$MainCha |    000008DA  A$MainCha |    000008DB  A$MainCha
     000008DC  A$MainCha |    000008DD  A$MainCha |    000008DE  A$MainCha
     000008E0  A$MainCha |    000008E1  A$MainCha |    000008E2  A$MainCha
     000008E2  C$MainCha |    000008E4  A$MainCha |    000008E4  C$MainCha
     000008E4  C$MainCha |    000008E7  A$MainCha |    000008E8  A$MainCha
     000008E9  A$MainCha |    000008EA  A$MainCha |    000008EB  A$MainCha
     000008EC  A$MainCha |    000008ED  A$MainCha |    000008EF  A$MainCha
     000008F0  A$MainCha |    000008F1  A$MainCha |    000008F1  C$MainCha
     000008F3  A$MainCha |    000008F3  C$MainCha |    000008F3  C$MainCha
     000008F6  A$MainCha |    000008F7  A$MainCha |    000008F8  A$MainCha
     000008F9  A$MainCha |    000008FA  A$MainCha |    000008FB  A$MainCha
     000008FC  A$MainCha |    000008FD  A$MainCha |    000008FF  A$MainCha
     00000900  A$MainCha |    00000901  A$MainCha |    00000901  C$MainCha
     00000903  A$MainCha |    00000903  C$MainCha |    00000903  C$MainCha
     00000906  A$MainCha |    00000907  A$MainCha |    00000908  A$MainCha
     00000909  A$MainCha |    0000090B  A$MainCha |    0000090C  A$MainCha
     0000090D  A$MainCha |    0000090D  C$MainCha |    0000090F  A$MainCha
     0000090F  C$MainCha |    0000090F  C$MainCha |    00000912  A$MainCha
     00000913  A$MainCha |    00000914  A$MainCha |    00000915  A$MainCha
     00000917  A$MainCha |    00000918  A$MainCha |    00000919  A$MainCha
     00000919  C$MainCha |    0000091B  A$MainCha |    0000091B  C$MainCha
     0000091B  C$MainCha |    0000091E  A$MainCha |    0000091F  A$MainCha
     00000920  A$MainCha |    00000921  A$MainCha |    00000923  A$MainCha
     00000924  A$MainCha |    00000925  A$MainCha |    00000925  C$MainCha
     00000925  C$MainCha |    00000926  A$MainCha |    00000927  A$MainCha
     00000928  A$MainCha |    00000929  A$MainCha |    00000929  C$MainCha
     00000929  G$SetPlay |    00000929  _SetPlaye |    0000092B  A$MainCha
     0000092C  A$MainCha |    0000092C  C$MainCha |    0000092E  A$MainCha
     0000092E  C$MainCha |    00000930  A$MainCha |    00000931  A$MainCha
ASxxxx Linker V03.00/V05.40 + sdld,  page 12.
Hexadecimal  [32-Bits]

Area                       Addr        Size        Decimal Bytes (Attributes)
--------------------       ----        ----        ------- ----- ------------
_CODE                  00000200    00003483 =       13443. bytes (REL,CON)

        Value  Global            Value  Global            Value  Global    
        -----  ------            -----  ------            -----  ------    
     00000932  A$MainCha |    00000933  A$MainCha |    00000934  A$MainCha
     00000935  A$MainCha |    00000936  A$MainCha |    00000937  A$MainCha
     00000938  A$MainCha |    00000939  A$MainCha |    0000093A  A$MainCha
     0000093D  A$MainCha |    0000093E  A$MainCha |    0000093F  A$MainCha
     00000940  A$MainCha |    00000941  A$MainCha |    00000944  A$MainCha
     00000945  A$MainCha |    00000946  A$MainCha |    00000947  A$MainCha
     00000948  A$MainCha |    0000094A  A$MainCha |    0000094B  A$MainCha
     0000094C  A$MainCha |    0000094D  A$MainCha |    0000094F  A$MainCha
     00000950  A$MainCha |    00000952  A$MainCha |    00000954  A$MainCha
     00000955  A$MainCha |    00000957  A$MainCha |    00000959  A$MainCha
     00000959  C$MainCha |    0000095A  A$MainCha |    0000095B  A$MainCha
     0000095C  A$MainCha |    0000095D  A$MainCha |    0000095E  A$MainCha
     0000095F  A$MainCha |    00000960  A$MainCha |    00000961  A$MainCha
     00000963  A$MainCha |    00000964  A$MainCha |    00000965  A$MainCha
     00000966  A$MainCha |    00000967  A$MainCha |    00000968  A$MainCha
     0000096A  A$MainCha |    0000096C  A$MainCha |    0000096E  A$MainCha
     00000970  A$MainCha |    00000972  A$MainCha |    00000974  A$MainCha
     00000976  A$MainCha |    00000978  A$MainCha |    0000097A  A$MainCha
     0000097C  A$MainCha |    0000097E  A$MainCha |    00000980  A$MainCha
     00000982  A$MainCha |    00000984  A$MainCha |    00000984  C$MainCha
     00000986  A$MainCha |    00000987  A$MainCha |    00000989  A$MainCha
     00000989  C$MainCha |    0000098B  A$MainCha |    0000098C  A$MainCha
     0000098D  A$MainCha |    0000098E  A$MainCha |    0000098F  A$MainCha
     00000990  A$MainCha |    00000991  A$MainCha |    00000992  A$MainCha
     00000993  A$MainCha |    00000995  A$MainCha |    00000997  A$MainCha
     00000998  A$MainCha |    0000099A  A$MainCha |    0000099C  A$MainCha
     0000099C  C$MainCha |    0000099D  A$MainCha |    0000099E  A$MainCha
     0000099F  A$MainCha |    000009A0  A$MainCha |    000009A1  A$MainCha
     000009A2  A$MainCha |    000009A3  A$MainCha |    000009A4  A$MainCha
     000009A7  A$MainCha |    000009A8  A$MainCha |    000009A9  A$MainCha
     000009AA  A$MainCha |    000009AB  A$MainCha |    000009AD  A$MainCha
     000009AE  A$MainCha |    000009B0  A$MainCha |    000009B2  A$MainCha
     000009B4  A$MainCha |    000009B5  A$MainCha |    000009B7  A$MainCha
     000009B7  C$MainCha |    000009B9  A$MainCha |    000009BA  A$MainCha
     000009BC  A$MainCha |    000009BE  A$MainCha |    000009C0  A$MainCha
     000009C1  A$MainCha |    000009C3  A$MainCha |    000009C3  C$MainCha
     000009C5  A$MainCha |    000009C6  A$MainCha |    000009C8  A$MainCha
     000009CA  A$MainCha |    000009CB  A$MainCha |    000009CC  A$MainCha
     000009CE  A$MainCha |    000009CE  C$MainCha |    000009D0  A$MainCha
     000009D1  A$MainCha |    000009D3  A$MainCha |    000009D5  A$MainCha
     000009D7  A$MainCha |    000009D8  A$MainCha |    000009DA  A$MainCha
     000009DA  C$MainCha |    000009DC  A$MainCha |    000009DD  A$MainCha
     000009DF  A$MainCha |    000009E1  A$MainCha |    000009E3  A$MainCha
     000009E5  A$MainCha |    000009E7  A$MainCha |    000009E9  A$MainCha
     000009EA  A$MainCha |    000009EC  A$MainCha |    000009EC  C$MainCha
     000009EE  A$MainCha |    000009EF  A$MainCha |    000009EF  C$MainCha
     000009EF  C$MainCha |    000009F1  A$MainCha |    000009F2  A$MainCha
     000009F4  A$MainCha |    000009F6  A$MainCha |    000009F6  C$MainCha
     000009F6  XG$SetPla |    000009F7  A$MainCha |    000009F7  C$MainCha
     000009F7  C$MainCha |    000009F7  G$PickSki |    000009F7  XG$PickSk
     000009F7  _PickSkil |    000009F8  A$MainCha |    000009F8  C$MainCha
ASxxxx Linker V03.00/V05.40 + sdld,  page 13.
Hexadecimal  [32-Bits]

Area                       Addr        Size        Decimal Bytes (Attributes)
--------------------       ----        ----        ------- ----- ------------
_CODE                  00000200    00003483 =       13443. bytes (REL,CON)

        Value  Global            Value  Global            Value  Global    
        -----  ------            -----  ------            -----  ------    
     000009F8  G$Improve |    000009F8  _ImproveP |    000009F9  A$MainCha
     000009F9  C$MainCha |    000009FB  A$MainCha |    000009FC  A$MainCha
     000009FD  A$MainCha |    000009FF  A$MainCha |    00000A02  A$MainCha
     00000A03  A$MainCha |    00000A04  A$MainCha |    00000A05  A$MainCha
     00000A06  A$MainCha |    00000A09  A$MainCha |    00000A0C  A$MainCha
     00000A0F  A$MainCha |    00000A12  A$MainCha |    00000A15  A$MainCha
     00000A18  A$MainCha |    00000A1B  A$MainCha |    00000A1E  A$MainCha
     00000A21  A$MainCha |    00000A24  A$MainCha |    00000A27  A$MainCha
     00000A2A  A$MainCha |    00000A2D  A$MainCha |    00000A30  A$MainCha
     00000A33  A$MainCha |    00000A36  A$MainCha |    00000A39  A$MainCha
     00000A3C  A$MainCha |    00000A3F  A$MainCha |    00000A42  A$MainCha
     00000A42  C$MainCha |    00000A42  C$MainCha |    00000A44  A$MainCha
     00000A45  A$MainCha |    00000A46  A$MainCha |    00000A47  A$MainCha
     00000A48  A$MainCha |    00000A49  A$MainCha |    00000A4A  A$MainCha
     00000A4B  A$MainCha |    00000A4C  A$MainCha |    00000A4D  A$MainCha
     00000A50  A$MainCha |    00000A51  A$MainCha |    00000A54  A$MainCha
     00000A55  A$MainCha |    00000A56  A$MainCha |    00000A56  C$MainCha
     00000A57  A$MainCha |    00000A57  C$MainCha |    00000A57  C$MainCha
     00000A59  A$MainCha |    00000A5A  A$MainCha |    00000A5B  A$MainCha
     00000A5C  A$MainCha |    00000A5D  A$MainCha |    00000A5E  A$MainCha
     00000A5F  A$MainCha |    00000A60  A$MainCha |    00000A61  A$MainCha
     00000A62  A$MainCha |    00000A65  A$MainCha |    00000A66  A$MainCha
     00000A69  A$MainCha |    00000A6A  A$MainCha |    00000A6B  A$MainCha
     00000A6B  C$MainCha |    00000A6C  A$MainCha |    00000A6C  C$MainCha
     00000A6C  C$MainCha |    00000A6E  A$MainCha |    00000A6F  A$MainCha
     00000A70  A$MainCha |    00000A71  A$MainCha |    00000A72  A$MainCha
     00000A73  A$MainCha |    00000A74  A$MainCha |    00000A75  A$MainCha
     00000A76  A$MainCha |    00000A77  A$MainCha |    00000A7A  A$MainCha
     00000A7B  A$MainCha |    00000A7E  A$MainCha |    00000A7F  A$MainCha
     00000A80  A$MainCha |    00000A80  C$MainCha |    00000A81  A$MainCha
     00000A81  C$MainCha |    00000A81  C$MainCha |    00000A83  A$MainCha
     00000A84  A$MainCha |    00000A85  A$MainCha |    00000A86  A$MainCha
     00000A87  A$MainCha |    00000A88  A$MainCha |    00000A89  A$MainCha
     00000A8A  A$MainCha |    00000A8B  A$MainCha |    00000A8C  A$MainCha
     00000A8F  A$MainCha |    00000A90  A$MainCha |    00000A93  A$MainCha
     00000A94  A$MainCha |    00000A95  A$MainCha |    00000A95  C$MainCha
     00000A96  A$MainCha |    00000A96  C$MainCha |    00000A96  C$MainCha
     00000A98  A$MainCha |    00000A99  A$MainCha |    00000A9A  A$MainCha
     00000A9B  A$MainCha |    00000A9C  A$MainCha |    00000A9D  A$MainCha
     00000A9E  A$MainCha |    00000A9F  A$MainCha |    00000AA0  A$MainCha
     00000AA1  A$MainCha |    00000AA4  A$MainCha |    00000AA5  A$MainCha
     00000AA8  A$MainCha |    00000AA9  A$MainCha |    00000AAA  A$MainCha
     00000AAA  C$MainCha |    00000AAB  A$MainCha |    00000AAB  C$MainCha
     00000AAB  C$MainCha |    00000AAD  A$MainCha |    00000AAE  A$MainCha
     00000AAF  A$MainCha |    00000AB0  A$MainCha |    00000AB1  A$MainCha
     00000AB2  A$MainCha |    00000AB3  A$MainCha |    00000AB4  A$MainCha
     00000AB5  A$MainCha |    00000AB6  A$MainCha |    00000AB9  A$MainCha
     00000ABA  A$MainCha |    00000ABD  A$MainCha |    00000ABE  A$MainCha
     00000ABF  A$MainCha |    00000ABF  C$MainCha |    00000AC0  A$MainCha
     00000AC0  C$MainCha |    00000AC0  C$MainCha |    00000AC2  A$MainCha
     00000AC3  A$MainCha |    00000AC4  A$MainCha |    00000AC5  A$MainCha
ASxxxx Linker V03.00/V05.40 + sdld,  page 14.
Hexadecimal  [32-Bits]

Area                       Addr        Size        Decimal Bytes (Attributes)
--------------------       ----        ----        ------- ----- ------------
_CODE                  00000200    00003483 =       13443. bytes (REL,CON)

        Value  Global            Value  Global            Value  Global    
        -----  ------            -----  ------            -----  ------    
     00000AC6  A$MainCha |    00000AC7  A$MainCha |    00000AC8  A$MainCha
     00000AC9  A$MainCha |    00000ACA  A$MainCha |    00000ACB  A$MainCha
     00000ACE  A$MainCha |    00000ACF  A$MainCha |    00000AD2  A$MainCha
     00000AD3  A$MainCha |    00000AD4  A$MainCha |    00000AD4  C$MainCha
     00000AD5  A$MainCha |    00000AD5  C$MainCha |    00000AD5  C$MainCha
     00000AD7  A$MainCha |    00000AD8  A$MainCha |    00000AD9  A$MainCha
     00000ADA  A$MainCha |    00000ADB  A$MainCha |    00000ADC  A$MainCha
     00000ADD  A$MainCha |    00000ADE  A$MainCha |    00000ADF  A$MainCha
     00000AE0  A$MainCha |    00000AE3  A$MainCha |    00000AE4  A$MainCha
     00000AE7  A$MainCha |    00000AE8  A$MainCha |    00000AE9  A$MainCha
     00000AE9  C$MainCha |    00000AEA  A$MainCha |    00000AEA  C$MainCha
     00000AEA  C$MainCha |    00000AEC  A$MainCha |    00000AED  A$MainCha
     00000AEE  A$MainCha |    00000AEF  A$MainCha |    00000AF0  A$MainCha
     00000AF1  A$MainCha |    00000AF2  A$MainCha |    00000AF3  A$MainCha
     00000AF4  A$MainCha |    00000AF5  A$MainCha |    00000AF8  A$MainCha
     00000AF9  A$MainCha |    00000AFC  A$MainCha |    00000AFD  A$MainCha
     00000AFE  A$MainCha |    00000AFE  C$MainCha |    00000AFF  A$MainCha
     00000AFF  C$MainCha |    00000AFF  C$MainCha |    00000B01  A$MainCha
     00000B02  A$MainCha |    00000B03  A$MainCha |    00000B04  A$MainCha
     00000B05  A$MainCha |    00000B06  A$MainCha |    00000B07  A$MainCha
     00000B08  A$MainCha |    00000B09  A$MainCha |    00000B0A  A$MainCha
     00000B0D  A$MainCha |    00000B0E  A$MainCha |    00000B11  A$MainCha
     00000B12  A$MainCha |    00000B13  A$MainCha |    00000B13  C$MainCha
     00000B14  A$MainCha |    00000B14  C$MainCha |    00000B14  C$MainCha
     00000B16  A$MainCha |    00000B17  A$MainCha |    00000B18  A$MainCha
     00000B19  A$MainCha |    00000B1A  A$MainCha |    00000B1B  A$MainCha
     00000B1C  A$MainCha |    00000B1D  A$MainCha |    00000B1E  A$MainCha
     00000B1F  A$MainCha |    00000B22  A$MainCha |    00000B23  A$MainCha
     00000B26  A$MainCha |    00000B27  A$MainCha |    00000B28  A$MainCha
     00000B28  C$MainCha |    00000B29  A$MainCha |    00000B29  C$MainCha
     00000B29  C$MainCha |    00000B2B  A$MainCha |    00000B2C  A$MainCha
     00000B2D  A$MainCha |    00000B2E  A$MainCha |    00000B2F  A$MainCha
     00000B30  A$MainCha |    00000B31  A$MainCha |    00000B32  A$MainCha
     00000B33  A$MainCha |    00000B34  A$MainCha |    00000B37  A$MainCha
     00000B38  A$MainCha |    00000B3B  A$MainCha |    00000B3C  A$MainCha
     00000B3D  A$MainCha |    00000B3D  C$MainCha |    00000B3E  A$MainCha
     00000B3E  C$MainCha |    00000B3E  C$MainCha |    00000B40  A$MainCha
     00000B41  A$MainCha |    00000B42  A$MainCha |    00000B43  A$MainCha
     00000B44  A$MainCha |    00000B45  A$MainCha |    00000B46  A$MainCha
     00000B47  A$MainCha |    00000B48  A$MainCha |    00000B49  A$MainCha
     00000B4C  A$MainCha |    00000B4D  A$MainCha |    00000B50  A$MainCha
     00000B51  A$MainCha |    00000B52  A$MainCha |    00000B52  C$MainCha
     00000B53  A$MainCha |    00000B53  C$MainCha |    00000B53  C$MainCha
     00000B55  A$MainCha |    00000B56  A$MainCha |    00000B57  A$MainCha
     00000B58  A$MainCha |    00000B59  A$MainCha |    00000B5A  A$MainCha
     00000B5B  A$MainCha |    00000B5C  A$MainCha |    00000B5D  A$MainCha
     00000B5E  A$MainCha |    00000B61  A$MainCha |    00000B62  A$MainCha
     00000B65  A$MainCha |    00000B66  A$MainCha |    00000B67  A$MainCha
     00000B67  C$MainCha |    00000B68  A$MainCha |    00000B68  C$MainCha
     00000B68  C$MainCha |    00000B6A  A$MainCha |    00000B6B  A$MainCha
     00000B6C  A$MainCha |    00000B6D  A$MainCha |    00000B6E  A$MainCha
ASxxxx Linker V03.00/V05.40 + sdld,  page 15.
Hexadecimal  [32-Bits]

Area                       Addr        Size        Decimal Bytes (Attributes)
--------------------       ----        ----        ------- ----- ------------
_CODE                  00000200    00003483 =       13443. bytes (REL,CON)

        Value  Global            Value  Global            Value  Global    
        -----  ------            -----  ------            -----  ------    
     00000B6F  A$MainCha |    00000B70  A$MainCha |    00000B71  A$MainCha
     00000B72  A$MainCha |    00000B73  A$MainCha |    00000B76  A$MainCha
     00000B77  A$MainCha |    00000B7A  A$MainCha |    00000B7B  A$MainCha
     00000B7C  A$MainCha |    00000B7C  C$MainCha |    00000B7D  A$MainCha
     00000B7D  C$MainCha |    00000B7D  C$MainCha |    00000B7F  A$MainCha
     00000B80  A$MainCha |    00000B81  A$MainCha |    00000B82  A$MainCha
     00000B83  A$MainCha |    00000B84  A$MainCha |    00000B85  A$MainCha
     00000B86  A$MainCha |    00000B87  A$MainCha |    00000B88  A$MainCha
     00000B8B  A$MainCha |    00000B8C  A$MainCha |    00000B8F  A$MainCha
     00000B90  A$MainCha |    00000B91  A$MainCha |    00000B91  C$MainCha
     00000B92  A$MainCha |    00000B92  C$MainCha |    00000B92  C$MainCha
     00000B94  A$MainCha |    00000B95  A$MainCha |    00000B96  A$MainCha
     00000B97  A$MainCha |    00000B98  A$MainCha |    00000B99  A$MainCha
     00000B9A  A$MainCha |    00000B9B  A$MainCha |    00000B9C  A$MainCha
     00000B9D  A$MainCha |    00000BA0  A$MainCha |    00000BA1  A$MainCha
     00000BA4  A$MainCha |    00000BA5  A$MainCha |    00000BA6  A$MainCha
     00000BA6  C$MainCha |    00000BA7  A$MainCha |    00000BA7  C$MainCha
     00000BA7  C$MainCha |    00000BA9  A$MainCha |    00000BAA  A$MainCha
     00000BAB  A$MainCha |    00000BAC  A$MainCha |    00000BAD  A$MainCha
     00000BAE  A$MainCha |    00000BAF  A$MainCha |    00000BB0  A$MainCha
     00000BB1  A$MainCha |    00000BB2  A$MainCha |    00000BB5  A$MainCha
     00000BB6  A$MainCha |    00000BB9  A$MainCha |    00000BBA  A$MainCha
     00000BBB  A$MainCha |    00000BBB  C$MainCha |    00000BBC  A$MainCha
     00000BBC  C$MainCha |    00000BBC  C$MainCha |    00000BBE  A$MainCha
     00000BBF  A$MainCha |    00000BC0  A$MainCha |    00000BC1  A$MainCha
     00000BC2  A$MainCha |    00000BC3  A$MainCha |    00000BC4  A$MainCha
     00000BC5  A$MainCha |    00000BC6  A$MainCha |    00000BC7  A$MainCha
     00000BCA  A$MainCha |    00000BCB  A$MainCha |    00000BCE  A$MainCha
     00000BCF  A$MainCha |    00000BD0  A$MainCha |    00000BD0  C$MainCha
     00000BD0  C$MainCha |    00000BD0  XG$Improv |    00000BD1  A$MainCha
     00000BD1  C$MainCha |    00000BD1  G$SetPlay |    00000BD1  _SetPlaye
     00000BD2  A$MainCha |    00000BD3  A$MainCha |    00000BD3  C$MainCha
     00000BD4  A$MainCha |    00000BD6  A$MainCha |    00000BD7  A$MainCha
     00000BD8  A$MainCha |    00000BD9  A$MainCha |    00000BDA  A$MainCha
     00000BDB  A$MainCha |    00000BDC  A$MainCha |    00000BDD  A$MainCha
     00000BDE  A$MainCha |    00000BDF  A$MainCha |    00000BE1  A$MainCha
     00000BE2  A$MainCha |    00000BE3  A$MainCha |    00000BE5  A$MainCha
     00000BE6  A$MainCha |    00000BE7  A$MainCha |    00000BEA  A$MainCha
     00000BEB  A$MainCha |    00000BEC  A$MainCha |    00000BED  A$MainCha
     00000BEF  A$MainCha |    00000BF0  A$MainCha |    00000BF1  A$MainCha
     00000BF1  C$MainCha |    00000BF4  A$MainCha |    00000BF5  A$MainCha
     00000BF6  A$MainCha |    00000BF7  A$MainCha |    00000BF9  A$MainCha
     00000BFA  A$MainCha |    00000BFB  A$MainCha |    00000BFB  C$MainCha
     00000BFE  A$MainCha |    00000BFF  A$MainCha |    00000C00  A$MainCha
     00000C01  A$MainCha |    00000C03  A$MainCha |    00000C04  A$MainCha
     00000C05  A$MainCha |    00000C05  C$MainCha |    00000C08  A$MainCha
     00000C09  A$MainCha |    00000C0A  A$MainCha |    00000C0B  A$MainCha
     00000C0C  A$MainCha |    00000C0D  A$MainCha |    00000C0D  C$MainCha
     00000C0D  XG$SetPla |    00000C0E  A$MainCha |    00000C0E  C$MainCha
     00000C0E  G$GetPlay |    00000C0E  _GetPlaye |    00000C0F  A$MainCha
     00000C0F  C$MainCha |    00000C11  A$MainCha |    00000C12  A$MainCha
ASxxxx Linker V03.00/V05.40 + sdld,  page 16.
Hexadecimal  [32-Bits]

Area                       Addr        Size        Decimal Bytes (Attributes)
--------------------       ----        ----        ------- ----- ------------
_CODE                  00000200    00003483 =       13443. bytes (REL,CON)

        Value  Global            Value  Global            Value  Global    
        -----  ------            -----  ------            -----  ------    
     00000C13  A$MainCha |    00000C14  A$MainCha |    00000C15  A$MainCha
     00000C16  A$MainCha |    00000C17  A$MainCha |    00000C18  A$MainCha
     00000C19  A$MainCha |    00000C1A  A$MainCha |    00000C1D  A$MainCha
     00000C1E  A$MainCha |    00000C1F  A$MainCha |    00000C20  A$MainCha
     00000C21  A$MainCha |    00000C21  C$MainCha |    00000C21  XG$GetPla
     00000C22  A$MainCha |    00000C22  C$MainCha |    00000C22  C$MainCha
     00000C22  G$InitCha |    00000C22  _InitChar |    00000C25  A$MainCha
     00000C26  A$MainCha |    00000C29  A$MainCha |    00000C2A  A$MainCha
     00000C2D  A$MainCha |    00000C2F  A$MainCha |    00000C2F  C$MainCha
     00000C32  A$MainCha |    00000C34  A$MainCha |    00000C34  C$MainCha
     00000C37  A$MainCha |    00000C39  A$MainCha |    00000C3C  A$MainCha
     00000C3E  A$MainCha |    00000C41  A$MainCha |    00000C43  A$MainCha
     00000C46  A$MainCha |    00000C48  A$MainCha |    00000C4B  A$MainCha
     00000C4D  A$MainCha |    00000C50  A$MainCha |    00000C51  A$MainCha
     00000C54  A$MainCha |    00000C55  A$MainCha |    00000C58  A$MainCha
     00000C59  A$MainCha |    00000C5A  A$MainCha |    00000C5B  A$MainCha
     00000C5E  A$MainCha |    00000C60  A$MainCha |    00000C61  A$MainCha
     00000C64  A$MainCha |    00000C65  A$MainCha |    00000C68  A$MainCha
     00000C69  A$MainCha |    00000C6A  A$MainCha |    00000C6B  A$MainCha
     00000C6E  A$MainCha |    00000C6F  A$MainCha |    00000C72  A$MainCha
     00000C74  A$MainCha |    00000C75  A$MainCha |    00000C78  A$MainCha
     00000C79  A$MainCha |    00000C7A  A$MainCha |    00000C7B  A$MainCha
     00000C7E  A$MainCha |    00000C80  A$MainCha |    00000C81  A$MainCha
     00000C84  A$MainCha |    00000C86  A$MainCha |    00000C87  A$MainCha
     00000C8A  A$MainCha |    00000C8B  A$MainCha |    00000C8C  A$MainCha
     00000C8D  A$MainCha |    00000C8D  C$MainCha |    00000C8D  C$MainCha
     00000C8D  XG$InitCh |    00000C8E  A$MainCha |    00000C8E  C$MainCha
     00000C8E  C$MainCha |    00000C8E  G$Animate |    00000C8E  _AnimateC
     00000C91  A$MainCha |    00000C92  A$MainCha |    00000C95  A$MainCha
     00000C98  A$MainCha |    00000C9A  A$MainCha |    00000C9B  A$MainCha
     00000C9E  A$MainCha |    00000C9F  A$MainCha |    00000CA2  A$MainCha
     00000CA4  A$MainCha |    00000CA5  A$MainCha |    00000CA8  A$MainCha
     00000CA9  A$MainCha |    00000CAC  A$MainCha |    00000CAE  A$MainCha
     00000CAF  A$MainCha |    00000CB2  A$MainCha |    00000CB3  A$MainCha
     00000CB6  A$MainCha |    00000CB8  A$MainCha |    00000CB9  A$MainCha
     00000CBC  A$MainCha |    00000CBD  A$MainCha |    00000CBD  C$MainCha
     00000CC0  A$MainCha |    00000CC1  A$MainCha |    00000CC3  A$MainCha
     00000CC6  A$MainCha |    00000CC7  A$MainCha |    00000CC9  A$MainCha
     00000CCC  A$MainCha |    00000CCE  A$MainCha |    00000CD0  A$MainCha
     00000CD3  A$MainCha |    00000CD5  A$MainCha |    00000CD7  A$MainCha
     00000CD8  A$MainCha |    00000CD8  C$MainCha |    00000CDB  A$MainCha
     00000CDD  A$MainCha |    00000CE0  A$MainCha |    00000CE2  A$MainCha
     00000CE5  A$MainCha |    00000CE7  A$MainCha |    00000CEA  A$MainCha
     00000CEC  A$MainCha |    00000CEC  C$MainCha |    00000CED  A$MainCha
     00000CED  C$MainCha |    00000CF0  A$MainCha |    00000CF2  A$MainCha
     00000CF5  A$MainCha |    00000CF7  A$MainCha |    00000CFA  A$MainCha
     00000CFC  A$MainCha |    00000CFF  A$MainCha |    00000D01  A$MainCha
     00000D01  C$MainCha |    00000D02  A$MainCha |    00000D02  C$MainCha
     00000D05  A$MainCha |    00000D07  A$MainCha |    00000D0A  A$MainCha
     00000D0C  A$MainCha |    00000D0F  A$MainCha |    00000D11  A$MainCha
     00000D14  A$MainCha |    00000D16  A$MainCha |    00000D16  C$MainCha
ASxxxx Linker V03.00/V05.40 + sdld,  page 17.
Hexadecimal  [32-Bits]

Area                       Addr        Size        Decimal Bytes (Attributes)
--------------------       ----        ----        ------- ----- ------------
_CODE                  00000200    00003483 =       13443. bytes (REL,CON)

        Value  Global            Value  Global            Value  Global    
        -----  ------            -----  ------            -----  ------    
     00000D17  A$MainCha |    00000D17  C$MainCha |    00000D1A  A$MainCha
     00000D1C  A$MainCha |    00000D1F  A$MainCha |    00000D21  A$MainCha
     00000D24  A$MainCha |    00000D26  A$MainCha |    00000D29  A$MainCha
     00000D2B  A$MainCha |    00000D2E  A$MainCha |    00000D30  A$MainCha
     00000D33  A$MainCha |    00000D35  A$MainCha |    00000D38  A$MainCha
     00000D3A  A$MainCha |    00000D3D  A$MainCha |    00000D3F  A$MainCha
     00000D3F  C$MainCha |    00000D40  A$MainCha |    00000D40  C$MainCha
     00000D43  A$MainCha |    00000D44  A$MainCha |    00000D45  A$MainCha
     00000D45  C$MainCha |    00000D48  A$MainCha |    00000D49  A$MainCha
     00000D4B  A$MainCha |    00000D4E  A$MainCha |    00000D50  A$MainCha
     00000D53  A$MainCha |    00000D55  A$MainCha |    00000D58  A$MainCha
     00000D5A  A$MainCha |    00000D5D  A$MainCha |    00000D5F  A$MainCha
     00000D5F  C$MainCha |    00000D61  A$MainCha |    00000D64  A$MainCha
     00000D66  A$MainCha |    00000D67  A$MainCha |    00000D6A  A$MainCha
     00000D6B  A$MainCha |    00000D6E  A$MainCha |    00000D70  A$MainCha
     00000D71  A$MainCha |    00000D74  A$MainCha |    00000D75  A$MainCha
     00000D78  A$MainCha |    00000D7A  A$MainCha |    00000D7B  A$MainCha
     00000D7E  A$MainCha |    00000D7F  A$MainCha |    00000D82  A$MainCha
     00000D84  A$MainCha |    00000D85  A$MainCha |    00000D88  A$MainCha
     00000D89  A$MainCha |    00000D89  C$MainCha |    00000D89  C$MainCha
     00000D8C  A$MainCha |    00000D8D  A$MainCha |    00000D8F  A$MainCha
     00000D91  A$MainCha |    00000D92  A$MainCha |    00000D93  A$MainCha
     00000D93  C$MainCha |    00000D96  A$MainCha |    00000D97  A$MainCha
     00000D99  A$MainCha |    00000D9C  A$MainCha |    00000D9D  A$MainCha
     00000D9F  A$MainCha |    00000DA2  A$MainCha |    00000DA4  A$MainCha
     00000DA6  A$MainCha |    00000DA9  A$MainCha |    00000DAB  A$MainCha
     00000DAE  A$MainCha |    00000DB1  A$MainCha |    00000DB1  C$MainCha
     00000DB1  C$MainCha |    00000DB2  A$MainCha |    00000DB3  A$MainCha
     00000DB5  A$MainCha |    00000DB8  A$MainCha |    00000DBA  A$MainCha
     00000DBD  A$MainCha |    00000DBF  A$MainCha |    00000DC2  A$MainCha
     00000DC4  A$MainCha |    00000DC7  A$MainCha |    00000DC9  A$MainCha
     00000DC9  C$MainCha |    00000DCC  A$MainCha |    00000DCF  A$MainCha
     00000DD1  A$MainCha |    00000DD4  A$MainCha |    00000DD6  A$MainCha
     00000DD9  A$MainCha |    00000DDB  A$MainCha |    00000DDE  A$MainCha
     00000DE0  A$MainCha |    00000DE0  C$MainCha |    00000DE3  A$MainCha
     00000DE3  C$MainCha |    00000DE3  C$MainCha |    00000DE4  A$MainCha
     00000DE5  A$MainCha |    00000DE7  A$MainCha |    00000DEA  A$MainCha
     00000DEC  A$MainCha |    00000DEF  A$MainCha |    00000DF1  A$MainCha
     00000DF4  A$MainCha |    00000DF6  A$MainCha |    00000DF9  A$MainCha
     00000DFB  A$MainCha |    00000DFB  C$MainCha |    00000DFD  A$MainCha
     00000E00  A$MainCha |    00000E02  A$MainCha |    00000E05  A$MainCha
     00000E07  A$MainCha |    00000E0A  A$MainCha |    00000E0C  A$MainCha
     00000E0F  A$MainCha |    00000E11  A$MainCha |    00000E11  C$MainCha
     00000E13  A$MainCha |    00000E13  C$MainCha |    00000E16  A$MainCha
     00000E18  A$MainCha |    00000E19  A$MainCha |    00000E1C  A$MainCha
     00000E1D  A$MainCha |    00000E20  A$MainCha |    00000E22  A$MainCha
     00000E23  A$MainCha |    00000E26  A$MainCha |    00000E27  A$MainCha
     00000E2A  A$MainCha |    00000E2C  A$MainCha |    00000E2D  A$MainCha
     00000E30  A$MainCha |    00000E31  A$MainCha |    00000E34  A$MainCha
     00000E36  A$MainCha |    00000E37  A$MainCha |    00000E3A  A$MainCha
     00000E3B  A$MainCha |    00000E3E  A$MainCha |    00000E40  A$MainCha
ASxxxx Linker V03.00/V05.40 + sdld,  page 18.
Hexadecimal  [32-Bits]

Area                       Addr        Size        Decimal Bytes (Attributes)
--------------------       ----        ----        ------- ----- ------------
_CODE                  00000200    00003483 =       13443. bytes (REL,CON)

        Value  Global            Value  Global            Value  Global    
        -----  ------            -----  ------            -----  ------    
     00000E43  A$MainCha |    00000E45  A$MainCha |    00000E48  A$MainCha
     00000E4A  A$MainCha |    00000E4D  A$MainCha |    00000E4F  A$MainCha
     00000E4F  C$MainCha |    00000E51  A$MainCha |    00000E51  C$MainCha
     00000E54  A$MainCha |    00000E56  A$MainCha |    00000E59  A$MainCha
     00000E5B  A$MainCha |    00000E5E  A$MainCha |    00000E60  A$MainCha
     00000E63  A$MainCha |    00000E65  A$MainCha |    00000E68  A$MainCha
     00000E6A  A$MainCha |    00000E6D  A$MainCha |    00000E6F  A$MainCha
     00000E72  A$MainCha |    00000E74  A$MainCha |    00000E77  A$MainCha
     00000E79  A$MainCha |    00000E79  C$MainCha |    00000E79  C$MainCha
     00000E7C  A$MainCha |    00000E7D  A$MainCha |    00000E7E  A$MainCha
     00000E7E  C$MainCha |    00000E81  A$MainCha |    00000E82  A$MainCha
     00000E84  A$MainCha |    00000E87  A$MainCha |    00000E89  A$MainCha
     00000E8A  A$MainCha |    00000E8A  C$MainCha |    00000E8D  A$MainCha
     00000E8F  A$MainCha |    00000E8F  C$MainCha |    00000E8F  XG$Animat
     00000E90  A$diceRol |    00000E90  C$diceRol |    00000E90  C$diceRol
     00000E90  G$InitDic |    00000E90  _InitDice |    00000E93  A$diceRol
     00000E94  A$diceRol |    00000E97  A$diceRol |    00000E98  A$diceRol
     00000E9B  A$diceRol |    00000E9D  A$diceRol |    00000E9D  C$diceRol
     00000E9D  XG$InitDi |    00000E9E  A$diceRol |    00000E9E  C$diceRol
     00000E9E  C$diceRol |    00000E9E  G$RollDie |    00000E9E  _RollDie 
     00000E9F  A$diceRol |    00000EA1  A$diceRol |    00000EA3  A$diceRol
     00000EA4  A$diceRol |    00000EA6  A$diceRol |    00000EA8  A$diceRol
     00000EA9  A$diceRol |    00000EAB  A$diceRol |    00000EAD  A$diceRol
     00000EAE  A$diceRol |    00000EB0  A$diceRol |    00000EB3  A$diceRol
     00000EB4  A$diceRol |    00000EB6  A$diceRol |    00000EB9  A$diceRol
     00000EBA  A$diceRol |    00000EBC  A$diceRol |    00000EBF  A$diceRol
     00000EC2  A$diceRol |    00000EC2  C$diceRol |    00000EC5  A$diceRol
     00000EC7  A$diceRol |    00000ECA  A$diceRol |    00000ECC  A$diceRol
     00000ECF  A$diceRol |    00000ED1  A$diceRol |    00000ED4  A$diceRol
     00000ED6  A$diceRol |    00000ED7  A$diceRol |    00000ED9  A$diceRol
     00000EDC  A$diceRol |    00000EDE  A$diceRol |    00000EDF  A$diceRol
     00000EE1  A$diceRol |    00000EE4  A$diceRol |    00000EE6  A$diceRol
     00000EE7  A$diceRol |    00000EE9  A$diceRol |    00000EE9  C$diceRol
     00000EEC  A$diceRol |    00000EEC  C$diceRol |    00000EEF  A$diceRol
     00000EF1  A$diceRol |    00000EF4  A$diceRol |    00000EF6  A$diceRol
     00000EF9  A$diceRol |    00000EFB  A$diceRol |    00000EFE  A$diceRol
     00000F00  A$diceRol |    00000F01  A$diceRol |    00000F03  A$diceRol
     00000F06  A$diceRol |    00000F08  A$diceRol |    00000F09  A$diceRol
     00000F0B  A$diceRol |    00000F0E  A$diceRol |    00000F10  A$diceRol
     00000F11  A$diceRol |    00000F13  A$diceRol |    00000F13  C$diceRol
     00000F15  A$diceRol |    00000F15  C$diceRol |    00000F18  A$diceRol
     00000F1A  A$diceRol |    00000F1D  A$diceRol |    00000F1F  A$diceRol
     00000F22  A$diceRol |    00000F24  A$diceRol |    00000F27  A$diceRol
     00000F29  A$diceRol |    00000F2A  A$diceRol |    00000F2C  A$diceRol
     00000F2F  A$diceRol |    00000F31  A$diceRol |    00000F32  A$diceRol
     00000F34  A$diceRol |    00000F37  A$diceRol |    00000F39  A$diceRol
     00000F3A  A$diceRol |    00000F3C  A$diceRol |    00000F3C  C$diceRol
     00000F3E  A$diceRol |    00000F3E  C$diceRol |    00000F41  A$diceRol
     00000F43  A$diceRol |    00000F46  A$diceRol |    00000F48  A$diceRol
     00000F4B  A$diceRol |    00000F4D  A$diceRol |    00000F4E  A$diceRol
     00000F50  A$diceRol |    00000F53  A$diceRol |    00000F55  A$diceRol
ASxxxx Linker V03.00/V05.40 + sdld,  page 19.
Hexadecimal  [32-Bits]

Area                       Addr        Size        Decimal Bytes (Attributes)
--------------------       ----        ----        ------- ----- ------------
_CODE                  00000200    00003483 =       13443. bytes (REL,CON)

        Value  Global            Value  Global            Value  Global    
        -----  ------            -----  ------            -----  ------    
     00000F56  A$diceRol |    00000F58  A$diceRol |    00000F58  C$diceRol
     00000F5A  A$diceRol |    00000F5A  C$diceRol |    00000F5D  A$diceRol
     00000F5F  A$diceRol |    00000F62  A$diceRol |    00000F64  A$diceRol
     00000F67  A$diceRol |    00000F69  A$diceRol |    00000F6A  A$diceRol
     00000F6C  A$diceRol |    00000F6F  A$diceRol |    00000F71  A$diceRol
     00000F72  A$diceRol |    00000F74  A$diceRol |    00000F74  C$diceRol
     00000F76  A$diceRol |    00000F76  C$diceRol |    00000F79  A$diceRol
     00000F7B  A$diceRol |    00000F7E  A$diceRol |    00000F80  A$diceRol
     00000F83  A$diceRol |    00000F85  A$diceRol |    00000F86  A$diceRol
     00000F88  A$diceRol |    00000F8B  A$diceRol |    00000F8D  A$diceRol
     00000F8E  A$diceRol |    00000F90  A$diceRol |    00000F90  C$diceRol
     00000F93  A$diceRol |    00000F95  A$diceRol |    00000F98  A$diceRol
     00000F9A  A$diceRol |    00000F9D  A$diceRol |    00000F9F  A$diceRol
     00000FA2  A$diceRol |    00000FA4  A$diceRol |    00000FA7  A$diceRol
     00000FA9  A$diceRol |    00000FAC  A$diceRol |    00000FAE  A$diceRol
     00000FB1  A$diceRol |    00000FB3  A$diceRol |    00000FB6  A$diceRol
     00000FB8  A$diceRol |    00000FBB  A$diceRol |    00000FBD  A$diceRol
     00000FC0  A$diceRol |    00000FC2  A$diceRol |    00000FC5  A$diceRol
     00000FC7  A$diceRol |    00000FCA  A$diceRol |    00000FCC  A$diceRol
     00000FCF  A$diceRol |    00000FD1  A$diceRol |    00000FD4  A$diceRol
     00000FD6  A$diceRol |    00000FD9  A$diceRol |    00000FDB  A$diceRol
     00000FDE  A$diceRol |    00000FE0  A$diceRol |    00000FE3  A$diceRol
     00000FE5  A$diceRol |    00000FE8  A$diceRol |    00000FEA  A$diceRol
     00000FED  A$diceRol |    00000FEF  A$diceRol |    00000FF0  A$diceRol
     00000FF2  A$diceRol |    00000FF5  A$diceRol |    00000FF7  A$diceRol
     00000FF8  A$diceRol |    00000FFA  A$diceRol |    00000FFD  A$diceRol
     00000FFF  A$diceRol |    00001000  A$diceRol |    00001002  A$diceRol
     00001005  A$diceRol |    00001007  A$diceRol |    00001008  A$diceRol
     0000100A  A$diceRol |    0000100D  A$diceRol |    0000100F  A$diceRol
     00001010  A$diceRol |    00001012  A$diceRol |    00001015  A$diceRol
     00001017  A$diceRol |    00001018  A$diceRol |    0000101A  A$diceRol
     0000101D  A$diceRol |    0000101F  A$diceRol |    00001020  A$diceRol
     00001022  A$diceRol |    00001025  A$diceRol |    00001027  A$diceRol
     00001028  A$diceRol |    0000102A  A$diceRol |    0000102D  A$diceRol
     0000102F  A$diceRol |    00001030  A$diceRol |    00001032  A$diceRol
     00001035  A$diceRol |    00001037  A$diceRol |    00001038  A$diceRol
     0000103A  A$diceRol |    0000103D  A$diceRol |    0000103F  A$diceRol
     00001040  A$diceRol |    00001042  A$diceRol |    00001045  A$diceRol
     00001047  A$diceRol |    00001048  A$diceRol |    0000104A  A$diceRol
     0000104D  A$diceRol |    0000104F  A$diceRol |    00001050  A$diceRol
     00001052  A$diceRol |    00001055  A$diceRol |    00001057  A$diceRol
     00001058  A$diceRol |    0000105A  A$diceRol |    0000105D  A$diceRol
     0000105F  A$diceRol |    00001060  A$diceRol |    00001062  A$diceRol
     00001065  A$diceRol |    00001067  A$diceRol |    00001068  A$diceRol
     0000106A  A$diceRol |    0000106A  C$diceRol |    0000106D  A$diceRol
     0000106D  C$diceRol |    00001070  A$diceRol |    00001070  C$diceRol
     00001072  A$diceRol |    00001075  A$diceRol |    00001078  A$diceRol
     0000107A  A$diceRol |    0000107B  A$diceRol |    0000107D  A$diceRol
     00001080  A$diceRol |    00001082  A$diceRol |    00001083  A$diceRol
     00001085  A$diceRol |    00001088  A$diceRol |    0000108A  A$diceRol
     0000108D  A$diceRol |    0000108F  A$diceRol |    0000108F  C$diceRol
ASxxxx Linker V03.00/V05.40 + sdld,  page 20.
Hexadecimal  [32-Bits]

Area                       Addr        Size        Decimal Bytes (Attributes)
--------------------       ----        ----        ------- ----- ------------
_CODE                  00000200    00003483 =       13443. bytes (REL,CON)

        Value  Global            Value  Global            Value  Global    
        -----  ------            -----  ------            -----  ------    
     00001091  A$diceRol |    00001092  A$diceRol |    00001094  A$diceRol
     00001096  A$diceRol |    00001098  A$diceRol |    00001099  A$diceRol
     0000109A  A$diceRol |    0000109B  A$diceRol |    0000109C  A$diceRol
     0000109F  A$diceRol |    000010A0  A$diceRol |    000010A3  A$diceRol
     000010A4  A$diceRol |    000010A5  A$diceRol |    000010A6  A$diceRol
     000010A7  A$diceRol |    000010AA  A$diceRol |    000010AB  A$diceRol
     000010AE  A$diceRol |    000010B0  A$diceRol |    000010B3  A$diceRol
     000010B5  A$diceRol |    000010B8  A$diceRol |    000010BA  A$diceRol
     000010BD  A$diceRol |    000010BF  A$diceRol |    000010C2  A$diceRol
     000010C4  A$diceRol |    000010C7  A$diceRol |    000010C9  A$diceRol
     000010CC  A$diceRol |    000010CE  A$diceRol |    000010D1  A$diceRol
     000010D3  A$diceRol |    000010D6  A$diceRol |    000010D8  A$diceRol
     000010DB  A$diceRol |    000010DD  A$diceRol |    000010E0  A$diceRol
     000010E2  A$diceRol |    000010E5  A$diceRol |    000010E7  A$diceRol
     000010EA  A$diceRol |    000010EC  A$diceRol |    000010EF  A$diceRol
     000010F1  A$diceRol |    000010F4  A$diceRol |    000010F6  A$diceRol
     000010F9  A$diceRol |    000010FB  A$diceRol |    000010FE  A$diceRol
     00001100  A$diceRol |    00001103  A$diceRol |    00001105  A$diceRol
     00001108  A$diceRol |    0000110A  A$diceRol |    0000110D  A$diceRol
     0000110F  A$diceRol |    00001112  A$diceRol |    00001114  A$diceRol
     00001117  A$diceRol |    00001119  A$diceRol |    0000111C  A$diceRol
     0000111E  A$diceRol |    00001121  A$diceRol |    00001123  A$diceRol
     00001123  C$diceRol |    00001125  A$diceRol |    00001126  A$diceRol
     00001129  A$diceRol |    0000112A  A$diceRol |    0000112C  A$diceRol
     0000112F  A$diceRol |    00001130  A$diceRol |    00001131  A$diceRol
     00001132  A$diceRol |    00001133  A$diceRol |    00001136  A$diceRol
     00001139  A$diceRol |    0000113C  A$diceRol |    0000113F  A$diceRol
     00001142  A$diceRol |    00001145  A$diceRol |    00001148  A$diceRol
[...]
     000019F0  A$title_1 |    000019F1  A$title_1 |    000019F3  A$title_1
     000019F6  A$title_1 |    000019F8  A$title_1 |    000019F9  A$title_1
     000019FB  A$title_1 |    000019FE  A$title_1 |    00001A00  A$title_1
     00001A01  A$title_1 |    00001A03  A$title_1 |    00001A06  A$title_1
     00001A08  A$title_1 |    00001A09  A$title_1 |    00001A0B  A$title_1
     00001A0E  A$title_1 |    00001A10  A$title_1 |    00001A11  A$title_1
     00001A13  A$title_1 |    00001A16  A$title_1 |    00001A18  A$title_1
     00001A19  A$title_1 |    00001A1B  A$title_1 |    00001A1B  C$title_1
     00001A1D  A$title_1 |    00001A1F  A$title_1 |    00001A21  A$title_1
     00001A21  C$title_1 |    00001A21  XG$InitTi |    00001A22  A$title_1
     00001A22  C$title_1 |    00001A22  C$title_1 |    00001A22  G$Title_1
     00001A22  _Title_1_ |    00001A25  A$title_1 |    00001A28  A$title_1
     00001A29  A$title_1 |    00001A2B  A$title_1 |    00001A2D  A$title_1
     00001A2F  A$title_1 |    00001A31  A$title_1 |    00001A33  A$title_1
     00001A35  A$title_1 |    00001A37  A$title_1 |    00001A39  A$title_1
     00001A39  C$title_1 |    00001A3C  A$title_1 |    00001A3D  A$title_1
     00001A3F  A$title_1 |    00001A42  A$title_1 |    00001A44  A$title_1
     00001A45  A$title_1 |    00001A47  A$title_1 |    00001A47  C$title_1
     00001A4A  A$title_1 |    00001A4C  A$title_1 |    00001A4E  A$title_1
     00001A51  A$title_1 |    00001A53  A$title_1 |    00001A54  A$title_1
     00001A56  A$title_1 |    00001A56  C$title_1 |    00001A59  A$title_1
     00001A5B  A$title_1 |    00001A5D  A$title_1 |    00001A5D  C$title_1
     00001A5F  A$title_1 |    00001A61  A$title_1 |    00001A63  A$title_1
     00001A65  A$title_1 |    00001A65  C$title_1 |    00001A68  A$title_1
     00001A69  A$title_1 |    00001A6B  A$title_1 |    00001A6B  C$title_1
     00001A6D  A$title_1 |    00001A6E  A$title_1 |    00001A6E  C$title_1
     00001A70  A$title_1 |    00001A71  A$title_1 |    00001A71  C$title_1
     00001A72  A$title_1 |    00001A72  C$title_1 |    00001A72  XG$Title_
     00001A73  G$Charact |    00001A73  _Characte |    00001BF3  G$CustomF
     00001BF3  _CustomFo |    00001FA3  G$CustomF |    00001FA3  _CustomFo
     000022E3  G$Dice_sp |    000022E3  _Dice_spr |    000024F3  G$NickAnd
     000024F3  _NickAndW |    000025F3  G$NickAnd |    000025F3  _NickAndW
     00002C83  G$dialog_ |    00002C83  _dialog_f |    00002CE7  G$roll_pr
     00002CE7  _roll_pre |    00002CE8  G$Title_1 |    00002CE8  _Title_1_
     00002E50  G$Title_1 |    00002E50  _Title_1_ |    00003560  __divsuch
     00003566  __modsuch |    0000356F  __divusch |    00003578  __modusch
ASxxxx Linker V03.00/V05.40 + sdld,  page 30.
Hexadecimal  [32-Bits]

Area                       Addr        Size        Decimal Bytes (Attributes)
--------------------       ----        ----        ------- ----- ------------
_CODE                  00000200    00003483 =       13443. bytes (REL,CON)

        Value  Global            Value  Global            Value  Global    
        -----  ------            -----  ------            -----  ------    
     00003585  __divscha |    0000358A  __modscha |    00003591  __divsint
     0000359A  __modsint |    000035A6  __divucha |    000035AB  __moducha
     000035B2  __divuint |    000035BB  __moduint |    000035C7  .div8    
     000035C7  .mod8     |    000035CF  .div16    |    000035CF  .mod16   
     00003605  .divu8    |    00003605  .modu8    |    00003608  .divu16  
     00003608  .modu16   |    00003648  _set_vram |    00003651  _set_win_
     00003659  _set_bkg_
ASxxxx Linker V03.00/V05.40 + sdld,  page 31.
Hexadecimal  [32-Bits]

Area                       Addr        Size        Decimal Bytes (Attributes)
--------------------       ----        ----        ------- ----- ------------
_HEADER0               00000000    00000001 =           1. bytes (ABS,CON)

        Value  Global            Value  Global            Value  Global    
        -----  ------            -----  ------            -----  ------    
     00000020  .call_hl 
ASxxxx Linker V03.00/V05.40 + sdld,  page 32.
Hexadecimal  [32-Bits]

Area                       Addr        Size        Decimal Bytes (Attributes)
--------------------       ----        ----        ------- ----- ------------
_HEADER1               00000000    00000005 =           5. bytes (ABS,CON)

        Value  Global            Value  Global            Value  Global    
        -----  ------            -----  ------            -----  ------    
     00000028  .MemsetSm
ASxxxx Linker V03.00/V05.40 + sdld,  page 33.
Hexadecimal  [32-Bits]

Area                       Addr        Size        Decimal Bytes (Attributes)
--------------------       ----        ----        ------- ----- ------------
_HEADER2               00000000    00000007 =           7. bytes (ABS,CON)

        Value  Global            Value  Global            Value  Global    
        -----  ------            -----  ------            -----  ------    
     00000030  .MemcpySm
ASxxxx Linker V03.00/V05.40 + sdld,  page 34.
Hexadecimal  [32-Bits]

Area                       Addr        Size        Decimal Bytes (Attributes)
--------------------       ----        ----        ------- ----- ------------
_HEADER3               00000000    00000008 =           8. bytes (ABS,CON)

        Value  Global            Value  Global            Value  Global    
        -----  ------            -----  ------            -----  ------    
ASxxxx Linker V03.00/V05.40 + sdld,  page 35.
Hexadecimal  [32-Bits]

Area                       Addr        Size        Decimal Bytes (Attributes)
--------------------       ----        ----        ------- ----- ------------
_HEADER4               00000000    0000005C =          92. bytes (ABS,CON)

        Value  Global            Value  Global            Value  Global    
        -----  ------            -----  ------            -----  ------    
     00000080  .int      |    0000008F  _wait_int |    0000009C  __standar
     000000AB  _refresh_ |    000000CC  .wait_vbl |    000000CC  _vsync   
     000000CC  _wait_vbl
ASxxxx Linker V03.00/V05.40 + sdld,  page 36.
Hexadecimal  [32-Bits]

Area                       Addr        Size        Decimal Bytes (Attributes)
--------------------       ----        ----        ------- ----- ------------
_HEADER5               00000000    00000001 =           1. bytes (ABS,CON)

        Value  Global            Value  Global            Value  Global    
        -----  ------            -----  ------            -----  ------    
ASxxxx Linker V03.00/V05.40 + sdld,  page 37.
Hexadecimal  [32-Bits]

Area                       Addr        Size        Decimal Bytes (Attributes)
--------------------       ----        ----        ------- ----- ------------
_HEADER6               00000000    00000002 =           2. bytes (ABS,CON)

        Value  Global            Value  Global            Value  Global    
        -----  ------            -----  ------            -----  ------    
ASxxxx Linker V03.00/V05.40 + sdld,  page 38.
Hexadecimal  [32-Bits]

Area                       Addr        Size        Decimal Bytes (Attributes)
--------------------       ----        ----        ------- ----- ------------
_HEADER7               00000000    00000030 =          48. bytes (ABS,CON)

        Value  Global            Value  Global            Value  Global    
        -----  ------            -----  ------            -----  ------    
ASxxxx Linker V03.00/V05.40 + sdld,  page 39.
Hexadecimal  [32-Bits]

Area                       Addr        Size        Decimal Bytes (Attributes)
--------------------       ----        ----        ------- ----- ------------
_HEADER8               00000000    00000006 =           6. bytes (ABS,CON)

        Value  Global            Value  Global            Value  Global    
        -----  ------            -----  ------            -----  ------    
ASxxxx Linker V03.00/V05.40 + sdld,  page 40.
Hexadecimal  [32-Bits]

Area                       Addr        Size        Decimal Bytes (Attributes)
--------------------       ----        ----        ------- ----- ------------
_HEADER9               00000000    00000003 =           3. bytes (ABS,CON)

        Value  Global            Value  Global            Value  Global    
        -----  ------            -----  ------            -----  ------    
ASxxxx Linker V03.00/V05.40 + sdld,  page 41.
Hexadecimal  [32-Bits]

Area                       Addr        Size        Decimal Bytes (Attributes)
--------------------       ----        ----        ------- ----- ------------
_HEADERa               00000000    00000001 =           1. bytes (ABS,CON)

        Value  Global            Value  Global            Value  Global    
        -----  ------            -----  ------            -----  ------    
ASxxxx Linker V03.00/V05.40 + sdld,  page 42.
Hexadecimal  [32-Bits]

Area                       Addr        Size        Decimal Bytes (Attributes)
--------------------       ----        ----        ------- ----- ------------
_HEADERb               00000000    00000001 =           1. bytes (ABS,CON)

        Value  Global            Value  Global            Value  Global    
        -----  ------            -----  ------            -----  ------    
ASxxxx Linker V03.00/V05.40 + sdld,  page 43.
Hexadecimal  [32-Bits]

Area                       Addr        Size        Decimal Bytes (Attributes)
--------------------       ----        ----        ------- ----- ------------
_HEADERc               00000000    00000001 =           1. bytes (ABS,CON)

        Value  Global            Value  Global            Value  Global    
        -----  ------            -----  ------            -----  ------    
ASxxxx Linker V03.00/V05.40 + sdld,  page 44.
Hexadecimal  [32-Bits]

Area                       Addr        Size        Decimal Bytes (Attributes)
--------------------       ----        ----        ------- ----- ------------
_HEADERd               00000000    00000002 =           2. bytes (ABS,CON)

        Value  Global            Value  Global            Value  Global    
        -----  ------            -----  ------            -----  ------    
ASxxxx Linker V03.00/V05.40 + sdld,  page 45.
Hexadecimal  [32-Bits]

Area                       Addr        Size        Decimal Bytes (Attributes)
--------------------       ----        ----        ------- ----- ------------
_HEADERe               00000000    00000001 =           1. bytes (ABS,CON)

        Value  Global            Value  Global            Value  Global    
        -----  ------            -----  ------            -----  ------    
ASxxxx Linker V03.00/V05.40 + sdld,  page 46.
Hexadecimal  [32-Bits]

Area                       Addr        Size        Decimal Bytes (Attributes)
--------------------       ----        ----        ------- ----- ------------
_HEADERf               00000000    00000001 =           1. bytes (ABS,CON)

        Value  Global            Value  Global            Value  Global    
        -----  ------            -----  ------            -----  ------    
ASxxxx Linker V03.00/V05.40 + sdld,  page 47.
Hexadecimal  [32-Bits]

Area                       Addr        Size        Decimal Bytes (Attributes)
--------------------       ----        ----        ------- ----- ------------
_HEADER10              00000000    00000002 =           2. bytes (ABS,CON)

        Value  Global            Value  Global            Value  Global    
        -----  ------            -----  ------            -----  ------    
ASxxxx Linker V03.00/V05.40 + sdld,  page 48.
Hexadecimal  [32-Bits]

Area                       Addr        Size        Decimal Bytes (Attributes)
--------------------       ----        ----        ------- ----- ------------
_HEADER11              00000000    000000AF =         175. bytes (ABS,CON)

        Value  Global            Value  Global            Value  Global    
        -----  ------            -----  ------            -----  ------    
     00000150  .reset    |    00000150  _reset    |    00000157  .code_sta
     000001B9  _exit     |    000001BD  _set_inte |    000001D1  .remove_V
     000001D1  _remove_V |    000001D4  .remove_i |    000001F1  .add_VBL 
     000001F1  _add_VBL  |    000001F4  .add_int 
ASxxxx Linker V03.00/V05.40 + sdld,  page 49.
Hexadecimal  [32-Bits]

Area                       Addr        Size        Decimal Bytes (Attributes)
--------------------       ----        ----        ------- ----- ------------
_HOME                  00003683    0000023C =         572. bytes (REL,CON)

        Value  Global            Value  Global            Value  Global    
        -----  ------            -----  ------            -----  ------    
     00003683  .memset_s |    0000368C  .memcpy_s |    000036A9  .display_
     000036A9  _display_ |    000036C1  _fill_win |    000036D3  _init_win
     000036DC  _init_bkg |    000036E5  _vmemset  |    000036F6  _rand    
     000036F6  _randw    |    00003721  _initrand |    00003723  .initrand
     0000372C  .padup    |    0000372C  _waitpadu |    0000373C  .jpad    
     0000373C  _joypad   |    00003764  _waitpad  |    00003765  .wait_pad
     0000376C  .init_wtt |    00003774  .init_btt |    00003782  .init_tt 
     00003785  .init_vra |    000037AA  _set_tile |    000037AF  _set_bkg_
     000037AF  _set_win_ |    000037B7  _set_spri |    000037E7  _set_win_
     000037FB  .fill_rec |    00003804  .fill_rec |    00003851  _set_bkg_
     00003865  .set_xy_w |    0000386E  .set_xy_b |    0000387D  .set_xy_t
ASxxxx Linker V03.00/V05.40 + sdld,  page 50.
Hexadecimal  [32-Bits]

Area                       Addr        Size        Decimal Bytes (Attributes)
--------------------       ----        ----        ------- ----- ------------
_INITIALIZER           000038BF    0000000C =          12. bytes (REL,CON)

        Value  Global            Value  Global            Value  Global    
        -----  ------            -----  ------            -----  ------    
     000038BF  FCharacte |    000038C0  FFont$__x |    000038C1  FMainChar
     000038C2  FMainChar |    000038C3  FMainChar |    000038C4  FMainChar
     000038C5  FMainChar |    000038C6  FdiceRoll |    000038C7  FdiceRoll
     000038C8  Fmain$__x |    000038C9  Ftitle_1$
ASxxxx Linker V03.00/V05.40 + sdld,  page 51.
Hexadecimal  [32-Bits]

Area                       Addr        Size        Decimal Bytes (Attributes)
--------------------       ----        ----        ------- ----- ------------
_GSINIT                000038CB    0000000C =          12. bytes (REL,CON)

        Value  Global            Value  Global            Value  Global    
        -----  ------            -----  ------            -----  ------    
     000038CB  gsinit   
ASxxxx Linker V03.00/V05.40 + sdld,  page 52.
Hexadecimal  [32-Bits]

Area                       Addr        Size        Decimal Bytes (Attributes)
--------------------       ----        ----        ------- ----- ------------
_GSFINAL               000038D7    00000001 =           1. bytes (REL,CON)

        Value  Global            Value  Global            Value  Global    
        -----  ------            -----  ------            -----  ------    
ASxxxx Linker V03.00/V05.40 + sdld,  page 53.
Hexadecimal  [32-Bits]

Area                       Addr        Size        Decimal Bytes (Attributes)
--------------------       ----        ----        ------- ----- ------------
_DATA                  0000C0A0    000001B3 =         435. bytes (REL,CON)

        Value  Global            Value  Global            Value  Global    
        -----  ------            -----  ------            -----  ------    
     0000C0A0  __cpu     |    0000C0A1  __is_GBA  |    0000C0A2  .mode    
     0000C0A3  .sys_time |    0000C0A3  _sys_time |    0000C0A5  .int_0x40
     0000C0B1  G$playerX |    0000C0B1  _playerX  |    0000C0B2  G$playerY
     0000C0B2  _playerY  |    0000C0B3  G$playerM |    0000C0B3  _playerMa
     0000C0B4  G$playerM |    0000C0B4  _playerMa |    0000C0B5  G$PC$0_0$
     0000C0B5  _PC       |    0000C0E7  G$action_ |    0000C0E7  _action_f
     0000C0E9  G$map$0_0 |    0000C0E9  _map      |    0000C251  ___rand_s
ASxxxx Linker V03.00/V05.40 + sdld,  page 54.
Hexadecimal  [32-Bits]

Area                       Addr        Size        Decimal Bytes (Attributes)
--------------------       ----        ----        ------- ----- ------------
_INITIALIZED           0000C253    0000000C =          12. bytes (REL,CON)

        Value  Global            Value  Global            Value  Global    
        -----  ------            -----  ------            -----  ------    
     0000C253  G$state$0 |    0000C253  _state    |    0000C254  G$DIALOG_
     0000C254  _DIALOG_D |    0000C255  G$facing$ |    0000C255  _facing  
     0000C256  G$frame$0 |    0000C256  _frame    |    0000C257  G$playerM
     0000C257  _playerMo |    0000C258  G$playerT |    0000C258  _playerTa
     0000C259  G$playerS |    0000C259  _playerSt |    0000C25A  G$previou
     0000C25A  _previous |    0000C25B  G$keys$0_ |    0000C25B  _keys    
     0000C25C  G$game_st |    0000C25C  _game_sta |    0000C25D  G$newGame
     0000C25D  _newGame  |    0000C25E  __map_til
ASxxxx Linker V03.00/V05.40 + sdld,  page 55.
Hexadecimal  [32-Bits]

Area                       Addr        Size        Decimal Bytes (Attributes)
--------------------       ----        ----        ------- ----- ------------
_HRAM12                00000000    00000003 =           3. bytes (ABS,CON)

        Value  Global            Value  Global            Value  Global    
        -----  ------            -----  ------            -----  ------    
     0000FF90  __current |    0000FF92  __shadow_
ASxxxx Linker V03.00/V05.40 + sdld,  page 56.

Files Linked                              [ module(s) ]

X:\GameBoy\GBDK\lib/gb/crt0.o             [ Runtime ]
obj/CharacterCreation.rel                 [ CharacterCreation ]
obj/Font.rel                              [ Font ]
obj/MainCharacter.rel                     [ MainCharacter ]
obj/diceRoll.rel                          [ diceRoll ]
obj/main.rel                              [ main ]
obj/splashscreen.rel                      [ splashscreen ]
obj/title_1.rel                           [ title_1 ]
obj/Character_Sprite.rel                  [ Character_Sprite ]
obj/CustomFont.rel                        [ CustomFont ]
obj/CustomFont_white.rel                  [ CustomFont_white ]
obj/Dice_sprite.rel                       [ Dice_sprite ]
obj/NickAndWolf_map.rel                   [ NickAndWolf_map ]
obj/NickAndWolf_tiles.rel                 [ NickAndWolf_tiles ]
obj/dialog_frame.rel                      [ dialog_frame ]
obj/roll_pressA.rel                       [ roll_pressA ]
obj/title_1_map.rel                       [ title_1_map ]
obj/title_1_tiles.rel                     [ title_1_tiles ]


Libraries Linked                          [ object file ]

X:\GameBoy\GBDK\lib/gb/gb.lib             [ fill_rect_wi.o ]
X:\GameBoy\GBDK\lib/gb/gb.lib             [ init_vram.o ]
X:\GameBoy\GBDK\lib/gb/gb.lib             [ sfr.o ]
X:\GameBoy\GBDK\lib/sm83/sm83.lib         [ rand.o ]
X:\GameBoy\GBDK\lib/gb/gb.lib             [ pad.o ]
X:\GameBoy\GBDK\lib/gb/gb.lib             [ init_tt.o ]
X:\GameBoy\GBDK\lib/sm83/sm83.lib         [ div.o ]
X:\GameBoy\GBDK\lib/gb/gb.lib             [ set_data.o ]
X:\GameBoy\GBDK\lib/gb/gb.lib             [ set_wi_t.o ]
X:\GameBoy\GBDK\lib/gb/gb.lib             [ fill_rect.o ]
X:\GameBoy\GBDK\lib/gb/gb.lib             [ set_tile.o ]
X:\GameBoy\GBDK\lib/gb/gb.lib             [ set_bk_t.o ]
X:\GameBoy\GBDK\lib/gb/gb.lib             [ set_xy_t.o ]

ASxxxx Linker V03.00/V05.40 + sdld,  page 57.

User Base Address Definitions

_DATA=0xC0A0
_CODE=0x0200
ASxxxx Linker V03.00/V05.40 + sdld,  page 58.

User Global Definitions

_shadow_OAM=0xC000
.STACK=0xE000
.refresh_OAM=0xFF80

